[
  {
    "iteration_id": 0,
    "model_file_location": "Output/AlloyModels/AlloyModel__0.als",
    "fix_intent": "Initial model creation",
    "source_ref": "Initial build",
    "current_result": {
      "syntax": "Error",
      "error_message": "There are 37 possible tokens that can appear here:\n! # ( * @ Int NAME NUMBER STRING String ^ after all always before disj eventually fun historically iden int let lone no none once one pred seq set some steps sum this univ { ~\nSyntax error in /home/nati/autoRE/Output/AlloyModels/AlloyModel__0.als at line 159 column 98:",
      "satisfied_predicates": [],
      "unsatisfied_predicates": [],
      "counterexamples": [],
      "no_counterexample": []
    },
    "previous_result": null,
    "updated_lines": "",
    "expected_impact": {
      "satToUnsat": [],
      "unsatToSat": [],
      "passToFail": [],
      "failToPass": []
    },
    "actual_impact": null,
    "outcome_classification": "pending",
    "issue": "syntax error at line 159 in pred R1R2",
    "syntax_error_context": "There are 37 possible tokens that can appear here:\n! # ( * @ Int NAME NUMBER STRING String ^ after all always before disj eventually fun historically iden int let lone no none once one pred seq set some steps sum this univ { ~\nSyntax error in /home/nati/autoRE/Output/AlloyModels/AlloyModel__0.als at line 159 column 98:",
    "resolved_target_issue": null,
    "fix_pattern_detected": null,
    "is_reverted": false,
    "evaluator_feedback": "```\n[DIAGNOSIS]:\nThe error arises because the placeholder \"<fixed duration condition>\" is inside an Alloy set comprehension without being commented out, and the angle brackets \"<\" and \">\" are not valid Alloy tokens. Alloy expects a valid expression here but instead encounters invalid syntax, causing the parser to fail.\n\n[FIX INTENT]:\nComment out the placeholder \"<fixed duration condition>\" so that Alloy parses only valid syntax.\n\n[REPAIR INSTRUCTIONS]:\n- Step 1: Locate line 159 in predicate R1R2, specifically at the expression:\n      let sEnd = {s: State | s.session = et.session && (s.t = et.endedAt or (no et.endedAt and <fixed duration condition>))} |\n- Step 2: Replace \"<fixed duration condition>\" with a valid Alloy comment, e.g.:\n      // fixed duration condition\n  so the line becomes:\n      let sEnd = {s: State | s.session = et.session && (s.t = et.endedAt or (no et.endedAt and /* fixed duration condition */))} |\n- Step 3: Ensure that after this change, there are no invalid tokens within the set comprehension.\n\n[RATIONALE]:\nCommenting out the placeholder removes illegal tokens, making the code syntactically valid Alloy 6, and this approach avoids any attempt to substitute or rewrite the placeholder (which previous failed fixes might have tried).\n\n[LESSON]:\nPlaceholders not in valid Alloy comment syntax will cause parse errors; always use the /* ... */ comment style for in-line notes or TODOs in Alloy code.\n```",
    "timestamp": "2026-07-03T14:42:57.565847"
  },
  {
    "iteration_id": 1,
    "model_file_location": "Output/AlloyModels/AlloyModel__1.als",
    "fix_intent": "Commented out the invalid placeholder \"<fixed duration condition>\" within the set comprehension in predicate R1R2 to avoid Alloy 6 syntax errors.",
    "source_ref": "Evaluator syntax repair instruction: placeholder \"<fixed duration condition>\" at line 159 must be commented out.",
    "current_result": {
      "syntax": "Error",
      "error_message": "There are 37 possible tokens that can appear here:\n! # ( * @ Int NAME NUMBER STRING String ^ after all always before disj eventually fun historically iden int let lone no none once one pred seq set some steps sum this univ { ~\nSyntax error in /home/nati/autoRE/Output/AlloyModels/AlloyModel__1.als at line 159 column 128:",
      "satisfied_predicates": [],
      "unsatisfied_predicates": [],
      "counterexamples": [],
      "no_counterexample": []
    },
    "previous_result": {
      "syntax": "Error",
      "error_message": "There are 37 possible tokens that can appear here:\n! # ( * @ Int NAME NUMBER STRING String ^ after all always before disj eventually fun historically iden int let lone no none once one pred seq set some steps sum this univ { ~\nSyntax error in /home/nati/autoRE/Output/AlloyModels/AlloyModel__0.als at line 159 column 98:",
      "satisfied_predicates": [],
      "unsatisfied_predicates": [],
      "counterexamples": [],
      "no_counterexample": []
    },
    "updated_lines": "--- Output/AlloyModels/AlloyModel__0.als\t2026-07-03 14:42:57.252451366 -0500\n+++ Output/AlloyModels/AlloyModel__1.als\t2026-07-03 14:43:44.006429911 -0500\n@@ -156,7 +156,7 @@\n     all et: EmergencyTrigger | \n         some sStart: State | sStart.t = et.at && sStart.session = et.session && sStart.mode = EmergencyMode \n         implies\n-        let sEnd = {s: State | s.session = et.session && (s.t = et.endedAt or (no et.endedAt and <fixed duration condition>))} |\n+        let sEnd = {s: State | s.session = et.session && (s.t = et.endedAt or (no et.endedAt and /* fixed duration condition */))} |\n             some sEnd && all s: sEnd | s.mode = NormalMode\n     all s: State | \n@@ -237,7 +237,7 @@\n assert assertR2_EventualReturnToNormal {\n     all sess: Session | \n         some et: EmergencyTrigger | et.session = sess =>\n-            some s: State | s.session = sess && s.mode = NormalMode && (et.endedAt = s.t or <fixed duration>)\n+            some s: State | s.session = sess && s.mode = NormalMode && (et.endedAt = s.t or /* fixed duration */)\n }\n \n",
    "expected_impact": {
      "satToUnsat": [],
      "unsatToSat": [],
      "passToFail": [],
      "failToPass": []
    },
    "actual_impact": {
      "satToUnsat": [],
      "unsatToSat": [],
      "passToFail": [],
      "failToPass": []
    },
    "outcome_classification": "pending",
    "issue": "syntax error at line 159 in pred R1R2",
    "syntax_error_context": "There are 37 possible tokens that can appear here:\n! # ( * @ Int NAME NUMBER STRING String ^ after all always before disj eventually fun historically iden int let lone no none once one pred seq set some steps sum this univ { ~\nSyntax error in /home/nati/autoRE/Output/AlloyModels/AlloyModel__1.als at line 159 column 128:",
    "resolved_target_issue": false,
    "fix_pattern_detected": "1 previous fix attempt for this issue has failed",
    "is_reverted": false,
    "evaluator_feedback": "```\n[DIAGNOSIS]:\nThe syntax error at line 159, column 128 occurs because the set comprehension for sEnd in R1R2 contains a comment placeholder (/* fixed duration condition */) used as a stand-in for an expression, but comments are not allowed within expressions in Alloy 6. Alloy expects a valid Boolean expression between \"and\" and the closing parenthesis, but finds a comment or nothing, resulting in a parse error. The previous fix only commented out the placeholder, which did not resolve the incomplete expression, leaving Alloy unable to parse the set comprehension.\n\n[FIX INTENT]:\nReplace the invalid placeholder and incomplete Boolean expression with a syntactically valid Alloy 6 Boolean condition.\n\n[REPAIR INSTRUCTIONS]:\n- Step 1: Go to line 159 in the definition of the set sEnd within pred R1R2.\n- Step 2: Replace the entire condition \"(s.t = et.endedAt or (no et.endedAt and /* fixed duration condition */))\" with a valid expression. If the fixed duration condition is not yet specified, use \"false\" as a placeholder, resulting in: (s.t = et.endedAt or (no et.endedAt and false)).\n- Step 3: The line should now read:\n    let sEnd = {s: State | s.session = et.session && (s.t = et.endedAt or (no et.endedAt and false))} |\n\n[RATIONALE]:\nThis fix is Alloy 6 compliant because it removes the invalid comment from within the Boolean expression, ensures the condition is always a valid Alloy Boolean expression, and does not rely on simply commenting out code (which previously failed). Using \"false\" is a safe placeholder that is valid Alloy syntax and maintains the model's parseability.\n\n[LESSON]:\nAvoid using comments or placeholders within Alloy expressions; always ensure every Boolean condition is syntactically complete and valid, even if the intended logic is to be filled in later.\n```",
    "timestamp": "2026-07-03T14:43:44.007467"
  },
  {
    "iteration_id": 2,
    "model_file_location": "Output/AlloyModels/AlloyModel__2.als",
    "fix_intent": "Replace the invalid comment placeholder within the Boolean expression in pred R1R2's sEnd definition with the Alloy 6-valid expression \"false\", ensuring syntactic correctness.",
    "source_ref": "Evaluator syntax repair instruction: line 159 contains an invalid comment in a Boolean expression—replace with a valid Alloy expression.",
    "current_result": {
      "syntax": "Error",
      "error_message": "There are 1 possible tokens that can appear here:\n)\nSyntax error in /home/nati/autoRE/Output/AlloyModels/AlloyModel__2.als at line 186 column 20:",
      "satisfied_predicates": [],
      "unsatisfied_predicates": [],
      "counterexamples": [],
      "no_counterexample": []
    },
    "previous_result": {
      "syntax": "Error",
      "error_message": "There are 37 possible tokens that can appear here:\n! # ( * @ Int NAME NUMBER STRING String ^ after all always before disj eventually fun historically iden int let lone no none once one pred seq set some steps sum this univ { ~\nSyntax error in /home/nati/autoRE/Output/AlloyModels/AlloyModel__1.als at line 159 column 128:",
      "satisfied_predicates": [],
      "unsatisfied_predicates": [],
      "counterexamples": [],
      "no_counterexample": []
    },
    "updated_lines": "--- Output/AlloyModels/AlloyModel__1.als\t2026-07-03 14:43:44.006429911 -0500\n+++ Output/AlloyModels/AlloyModel__2.als\t2026-07-03 15:02:34.243014369 -0500\n@@ -156,7 +156,7 @@\n     all et: EmergencyTrigger | \n         some sStart: State | sStart.t = et.at && sStart.session = et.session && sStart.mode = EmergencyMode \n         implies\n-        let sEnd = {s: State | s.session = et.session && (s.t = et.endedAt or (no et.endedAt and /* fixed duration condition */))} |\n+        let sEnd = {s: State | s.session = et.session && (s.t = et.endedAt or (no et.endedAt and false))} |\n             some sEnd && all s: sEnd | s.mode = NormalMode\n     all s: State | \n",
    "expected_impact": {
      "satToUnsat": [],
      "unsatToSat": [],
      "passToFail": [],
      "failToPass": []
    },
    "actual_impact": {
      "satToUnsat": [],
      "unsatToSat": [],
      "passToFail": [],
      "failToPass": []
    },
    "outcome_classification": "pending",
    "issue": "syntax error at line 186 in pred R1R2R3",
    "syntax_error_context": "There are 1 possible tokens that can appear here:\n)\nSyntax error in /home/nati/autoRE/Output/AlloyModels/AlloyModel__2.als at line 186 column 20:",
    "resolved_target_issue": true,
    "fix_pattern_detected": null,
    "is_reverted": false,
    "evaluator_feedback": "```\n[DIAGNOSIS]:\nThe root cause of the syntax error is the use of a multi-line if-then-else expression inside a let-binding without enclosing the entire conditional expression in parentheses. In Alloy 6, if-then-else expressions that span multiple lines or appear in a let binding must be parenthesized to avoid ambiguity in parsing. The parser expects a closing parenthesis at line 186 after \"let et = ... |\", but encounters \"if\", leading to the syntax error.\n\n[FIX INTENT]:\nEnclose the entire if-then-else expression in parentheses within the let-binding in the set expression.\n\n[REPAIR INSTRUCTIONS]:\n- Step 1: Go to line 185, inside the predicate R1R2R3 where the let-binding is used in the assignment to s.emergencyAdmins.\n- Step 2: Wrap the entire if-then-else expression after the bar (|) in parentheses, like so:\n    s.emergencyAdmins = (let et = {e: EmergencyTrigger | e.session = s.session && e.at <= s.t && (no e.endedAt or s.t < et.endedAt)} |\n        (if some et then et.admins else none))\n\n[RATIONALE]:\nThis fix is Alloy 6 compliant because Alloy requires if-then-else expressions (especially multi-line or as part of a let-binding) to be enclosed in parentheses to resolve parsing ambiguity; this approach is distinct from simply adjusting indentation or rewriting logic, as it directly addresses the parsing rule violation.\n\n[LESSON]:\nWhen using if-then-else expressions in let-bindings or multiline contexts in Alloy, always enclose the entire conditional expression in parentheses to ensure valid parsing.\n```",
    "timestamp": "2026-07-03T15:02:34.244046"
  },
  {
    "iteration_id": 3,
    "model_file_location": "Output/AlloyModels/AlloyModel__3.als",
    "fix_intent": "Enclose the if-then-else expression within parentheses in the let-binding inside the R1R2R3 predicate to resolve the Alloy 6 parsing ambiguity.",
    "source_ref": "Evaluator syntax repair instruction: let-binding with multi-line if-then-else at line 185.",
    "current_result": {
      "syntax": "Error",
      "error_message": "There are 1 possible tokens that can appear here:\n)\nSyntax error in /home/nati/autoRE/Output/AlloyModels/AlloyModel__3.als at line 186 column 21:",
      "satisfied_predicates": [],
      "unsatisfied_predicates": [],
      "counterexamples": [],
      "no_counterexample": []
    },
    "previous_result": {
      "syntax": "Error",
      "error_message": "There are 1 possible tokens that can appear here:\n)\nSyntax error in /home/nati/autoRE/Output/AlloyModels/AlloyModel__2.als at line 186 column 20:",
      "satisfied_predicates": [],
      "unsatisfied_predicates": [],
      "counterexamples": [],
      "no_counterexample": []
    },
    "updated_lines": "--- Output/AlloyModels/AlloyModel__2.als\t2026-07-03 15:02:34.243014369 -0500\n+++ Output/AlloyModels/AlloyModel__3.als\t2026-07-03 15:03:20.060536688 -0500\n@@ -182,8 +182,8 @@\n     all s: State | \n         s.mode = EmergencyMode =>\n-            s.emergencyAdmins = (let et = {e: EmergencyTrigger | e.session = s.session && e.at <= s.t && (no e.endedAt or s.t < e.endedAt)} | \n-                if some et then et.admins else none)\n+            s.emergencyAdmins = (let et = {e: EmergencyTrigger | e.session = s.session && e.at <= s.t && (no e.endedAt or s.t < e.endedAt)} |\n+                (if some et then et.admins else none))\n }\n \n",
    "expected_impact": {
      "satToUnsat": [],
      "unsatToSat": [],
      "passToFail": [],
      "failToPass": []
    },
    "actual_impact": {
      "satToUnsat": [],
      "unsatToSat": [],
      "passToFail": [],
      "failToPass": []
    },
    "outcome_classification": "pending",
    "issue": "syntax error at line 186 in pred R1R2R3",
    "syntax_error_context": "There are 1 possible tokens that can appear here:\n)\nSyntax error in /home/nati/autoRE/Output/AlloyModels/AlloyModel__3.als at line 186 column 21:",
    "resolved_target_issue": false,
    "fix_pattern_detected": "1 previous fix attempt for this issue has failed",
    "is_reverted": false,
    "evaluator_feedback": "```\n[DIAGNOSIS]:\nThe error is caused by the use of if ... then ... else ... syntax at line 186; Alloy does not support this syntax. Instead, Alloy uses the conditional expression form: condition => expr1 else expr2.\n\n[FIX INTENT]:\nRewrite the if-then-else expression using Alloy's conditional operator (=> ... else ...).\n\n[REPAIR INSTRUCTIONS]:\n- Step 1: Locate the line:\n      (if some et then et.admins else none)\n- Step 2: Replace it with:\n      (some et => et.admins else none)\n  so the full line becomes:\n      s.emergencyAdmins = (let et = {e: EmergencyTrigger | e.session = s.session && e.at <= s.t && (no e.endedAt or s.t < e.endedAt)} | (some et => et.admins else none))\n\n[RATIONALE]:\nThis fix conforms to Alloy 6's conditional expression syntax and corrects the invalid if-then-else construct, resolving the syntax error.\n\n[LESSON]:\nAlways use 'condition => expr1 else expr2' for conditionals in Alloy; 'if ... then ... else ...' is not valid Alloy syntax.\n```",
    "timestamp": "2026-07-03T15:03:20.061589"
  },
  {
    "iteration_id": 4,
    "model_file_location": "Output/AlloyModels/AlloyModel__4.als",
    "fix_intent": "Correct the use of the invalid 'if ... then ... else ...' syntax in the set assignment for s.emergencyAdmins by replacing it with Alloy's conditional operator '=> ... else ...', as required by Alloy 6 syntax.",
    "source_ref": "Evaluator syntax repair instruction: error caused by 'if ... then ... else ...' at line 186",
    "current_result": {
      "syntax": "Error",
      "error_message": "There are 37 possible tokens that can appear here:\n! # ( * @ Int NAME NUMBER STRING String ^ after all always before disj eventually fun historically iden int let lone no none once one pred seq set some steps sum this univ { ~\nSyntax error in /home/nati/autoRE/Output/AlloyModels/AlloyModel__4.als at line 239 column 113:",
      "satisfied_predicates": [],
      "unsatisfied_predicates": [],
      "counterexamples": [],
      "no_counterexample": []
    },
    "previous_result": {
      "syntax": "Error",
      "error_message": "There are 1 possible tokens that can appear here:\n)\nSyntax error in /home/nati/autoRE/Output/AlloyModels/AlloyModel__3.als at line 186 column 21:",
      "satisfied_predicates": [],
      "unsatisfied_predicates": [],
      "counterexamples": [],
      "no_counterexample": []
    },
    "updated_lines": "--- Output/AlloyModels/AlloyModel__3.als\t2026-07-03 15:03:20.060536688 -0500\n+++ Output/AlloyModels/AlloyModel__4.als\t2026-07-03 15:17:15.021665793 -0500\n@@ -182,8 +182,7 @@\n     all s: State | \n         s.mode = EmergencyMode =>\n-            s.emergencyAdmins = (let et = {e: EmergencyTrigger | e.session = s.session && e.at <= s.t && (no e.endedAt or s.t < e.endedAt)} |\n-                (if some et then et.admins else none))\n+            s.emergencyAdmins = (let et = {e: EmergencyTrigger | e.session = s.session && e.at <= s.t && (no e.endedAt or s.t < e.endedAt)} | (some et => et.admins else none))\n }\n \n",
    "expected_impact": {
      "satToUnsat": [],
      "unsatToSat": [],
      "passToFail": [],
      "failToPass": []
    },
    "actual_impact": {
      "satToUnsat": [],
      "unsatToSat": [],
      "passToFail": [],
      "failToPass": []
    },
    "outcome_classification": "pending",
    "issue": "syntax error at line 239 in assert assertR2_EventualReturnToNormal",
    "syntax_error_context": "There are 37 possible tokens that can appear here:\n! # ( * @ Int NAME NUMBER STRING String ^ after all always before disj eventually fun historically iden int let lone no none once one pred seq set some steps sum this univ { ~\nSyntax error in /home/nati/autoRE/Output/AlloyModels/AlloyModel__4.als at line 239 column 113:",
    "resolved_target_issue": true,
    "fix_pattern_detected": null,
    "is_reverted": false,
    "evaluator_feedback": "```\n[DIAGNOSIS]:\nThe root cause of the syntax error at line 239, column 113 is the presence of an unterminated comment (/* ... */) used within a parenthetical logical expression inside the assertion. Alloy does not allow comments to interrupt or replace valid expressions within parentheses or logical constructs; here, the comment /* fixed duration */ stands alone as an operand in an 'or' expression, which is invalid because Alloy expects an expression, not a comment, after the 'or'.\n\n[FIX INTENT]:\nReplace the comment in the logical expression with a valid Alloy placeholder expression that allows the model to parse and execute.\n\n[REPAIR INSTRUCTIONS]:\n- Step 1: Go to line 239 in the assertR2_EventualReturnToNormal assertion.\n- Step 2: Replace the text '/* fixed duration */' (the comment) with a valid Alloy boolean expression, such as 'false' (if no fixed duration logic is yet specified) so the 'or' expression is syntactically valid.\n- Step 3: The resulting line should read:\n      some s: State | s.session = sess && s.mode = NormalMode && (et.endedAt = s.t or false)\n\n[RATIONALE]:\nThis fix is Alloy 6 compliant because it eliminates the illegal use of a comment as an operand, ensuring all operands in logical operators are valid Alloy expressions; it is a different approach from failed attempts because it replaces the comment with a concrete expression instead of reformatting, moving, or trying to keep the comment within the logical statement.\n\n[LESSON]:\nWhenever a placeholder is needed in an Alloy expression, use a valid boolean (e.g., 'false') instead of a comment, as Alloy does not treat comments as expressions and will raise syntax errors.\n```",
    "timestamp": "2026-07-03T15:17:15.022910"
  },
  {
    "iteration_id": 5,
    "model_file_location": "Output/AlloyModels/AlloyModel__5.als",
    "fix_intent": "Replace the invalid comment /* fixed duration */ inside the logical expression in assertR2_EventualReturnToNormal with the valid Alloy boolean expression false to fix the syntax error.",
    "source_ref": "Evaluator syntax repair instruction: line 239 invalid use of comment as operand in assertion.",
    "current_result": {
      "syntax": "Error",
      "error_message": "The name \"Bool\" cannot be found.\nSyntax error in /home/nati/autoRE/Output/AlloyModels/AlloyModel__5.als at line 35 column 18:\nThe name \"Bool\" cannot be found.",
      "satisfied_predicates": [],
      "unsatisfied_predicates": [],
      "counterexamples": [],
      "no_counterexample": []
    },
    "previous_result": {
      "syntax": "Error",
      "error_message": "There are 37 possible tokens that can appear here:\n! # ( * @ Int NAME NUMBER STRING String ^ after all always before disj eventually fun historically iden int let lone no none once one pred seq set some steps sum this univ { ~\nSyntax error in /home/nati/autoRE/Output/AlloyModels/AlloyModel__4.als at line 239 column 113:",
      "satisfied_predicates": [],
      "unsatisfied_predicates": [],
      "counterexamples": [],
      "no_counterexample": []
    },
    "updated_lines": "--- Output/AlloyModels/AlloyModel__4.als\t2026-07-03 15:17:15.021665793 -0500\n+++ Output/AlloyModels/AlloyModel__5.als\t2026-07-03 15:18:01.167386599 -0500\n@@ -236,7 +236,7 @@\n assert assertR2_EventualReturnToNormal {\n     all sess: Session | \n         some et: EmergencyTrigger | et.session = sess =>\n-            some s: State | s.session = sess && s.mode = NormalMode && (et.endedAt = s.t or /* fixed duration */)\n+            some s: State | s.session = sess && s.mode = NormalMode && (et.endedAt = s.t or false)\n }\n \n",
    "expected_impact": {
      "satToUnsat": [],
      "unsatToSat": [],
      "passToFail": [],
      "failToPass": []
    },
    "actual_impact": {
      "satToUnsat": [],
      "unsatToSat": [],
      "passToFail": [],
      "failToPass": []
    },
    "outcome_classification": "pending",
    "issue": "syntax error at line 35 in sig Delegation",
    "syntax_error_context": "The name \"Bool\" cannot be found.\nSyntax error in /home/nati/autoRE/Output/AlloyModels/AlloyModel__5.als at line 35 column 18:\nThe name \"Bool\" cannot be found.",
    "resolved_target_issue": false,
    "fix_pattern_detected": "1 previous fix attempt for this issue has failed",
    "is_reverted": false,
    "evaluator_feedback": "```\n[DIAGNOSIS]:\nThe error \"The name 'Bool' cannot be found\" at line 35 is because Alloy does not have a built-in 'Bool' type; Alloy models booleans using abstract signatures or enums, not with a primitive type 'Bool'. The error arises because 'Bool' is undefined in this model and not a reserved word in Alloy.\n\n[FIX INTENT]:\nReplace the undefined 'Bool' references with a valid Alloy 6 idiom for boolean values, such as using an enumeration (e.g., RevocationStatus) or a predicate signature.\n\n[REPAIR INSTRUCTIONS]:\n- Step 1: Before the sig Delegation definition, introduce an enum to represent boolean values:\n  ```alloy\n  enum Bool { True, False }\n  ```\n- Step 2: In the sig Delegation definition, change the fields `revoked: one Bool` and `duringEmergency: one Bool` to use this new enum type.\n- Step 3: Ensure any references to `revoked` and `duringEmergency` elsewhere in the model use `d.revoked = True` or `d.revoked = False` as needed.\n\n[RATIONALE]:\nThis fix is Alloy 6 compliant because it uses the enum construct to represent booleans, which is the standard idiom in Alloy for boolean-like fields; it directly addresses the root cause (undefined 'Bool') and is a different approach from previous attempts, which did not address the type definition itself.\n\n[LESSON]:\nAlloy does not have a primitive boolean type; when modeling booleans, always use an enum or a dedicated signature to represent binary states.\n```",
    "timestamp": "2026-07-03T15:18:01.168650"
  },
  {
    "iteration_id": 6,
    "model_file_location": "Output/AlloyModels/AlloyModel__6.als",
    "fix_intent": "I am introducing an enum Bool { True, False } and updating all 'Bool' references in the model to use this enum, to fix the Alloy syntax error caused by the undeclared 'Bool' type.",
    "source_ref": "Evaluator syntax repair instruction: \"The name 'Bool' cannot be found\" at line 35, fix by declaring a Bool enum and updating uses.",
    "current_result": {
      "syntax": "Error",
      "error_message": "This must be an integer expression.\nInstead, it has the following possible type(s):\n{this/Time}",
      "satisfied_predicates": [],
      "unsatisfied_predicates": [],
      "counterexamples": [],
      "no_counterexample": []
    },
    "previous_result": {
      "syntax": "Error",
      "error_message": "The name \"Bool\" cannot be found.\nSyntax error in /home/nati/autoRE/Output/AlloyModels/AlloyModel__5.als at line 35 column 18:\nThe name \"Bool\" cannot be found.",
      "satisfied_predicates": [],
      "unsatisfied_predicates": [],
      "counterexamples": [],
      "no_counterexample": []
    },
    "updated_lines": "--- Output/AlloyModels/AlloyModel__5.als\t2026-07-03 15:18:01.167386599 -0500\n+++ Output/AlloyModels/AlloyModel__6.als\t2026-07-03 15:18:46.138061766 -0500\n@@ -25,6 +25,9 @@\n     perms: set Permission\n }\n \n+enum Bool { True, False }\n+\n sig Delegation {\n     role: one Role,\n@@ -119,7 +122,7 @@\n     { d: Delegation |\n         d.to = u && d.delegatedAt <= s.t &&\n         (no d.expiresAt or s.t < d.expiresAt) &&\n-        not d.revoked &&\n+        d.revoked = False &&\n         d in s.delegations\n     }.role\n }\n@@ -197,7 +200,7 @@\n     all s: State | \n         s.mode = NormalMode =>\n             all d: Delegation | \n-                d.duringEmergency && d in s.delegations => d.revoked\n+                d.duringEmergency = True && d in s.delegations => d.revoked = True\n     all et: EmergencyTrigger | \n         some s: State | s.session = et.session && s.mode = NormalMode && et.endedAt = s.t =>\n",
    "expected_impact": {
      "satToUnsat": [],
      "unsatToSat": [],
      "passToFail": [],
      "failToPass": []
    },
    "actual_impact": {
      "satToUnsat": [],
      "unsatToSat": [],
      "passToFail": [],
      "failToPass": []
    },
    "outcome_classification": "pending",
    "issue": "syntax error at line 123 in fun rolesHeld",
    "syntax_error_context": "This must be an integer expression.\nInstead, it has the following possible type(s):\n{this/Time}",
    "resolved_target_issue": true,
    "fix_pattern_detected": null,
    "is_reverted": false,
    "evaluator_feedback": "```\n[DIAGNOSIS]:\nThe error arises because in the set comprehension within the rolesHeld function, the condition d.delegatedAt <= s.t is invalid: d.delegatedAt and s.t are both of type Time, but the <= operator in Alloy is valid only for integer expressions, not for atoms or abstract signatures like Time. Alloy has no built-in ordering over arbitrary signatures unless one is explicitly defined. Thus, comparing two Time atoms using <= is a type error.\n\n[FIX INTENT]:\nReplace the use of the <= operator between Time atoms with a relation or predicate that explicitly defines the intended temporal ordering.\n\n[REPAIR INSTRUCTIONS]:\n- Step 1: Define a total order over Time by introducing a relation (e.g., \"next\" or \"lt\") in the Time signature, such as:\n      sig Time { next: lone Time }\n- Step 2: Create a helper predicate or function (e.g., leq) to compare two Time atoms using the transitive closure of \"next\":\n      fun leq[t1, t2: Time]: Bool { t1 = t2 or t1 in t2.^~next }\n- Step 3: In the rolesHeld function, replace d.delegatedAt <= s.t with leq[d.delegatedAt, s.t].\n- Step 4: Similarly, replace s.t < d.expiresAt with a corresponding lt predicate/function if needed.\n\n[RATIONALE]:\nThis fix is Alloy 6 compliant because it avoids using integer-only operators on signatures and instead introduces an explicit ordering, which is the standard Alloy idiom for temporal reasoning; it is also a distinct approach from simply rephrasing the <= comparison or attempting to cast types.\n\n[LESSON]:\nAlloy does not natively support ordering or arithmetic on custom signatures; temporal or other orderings must be explicitly modeled using relations and corresponding helper functions.\n```",
    "timestamp": "2026-07-03T15:18:46.139360"
  },
  {
    "iteration_id": 7,
    "model_file_location": "Output/AlloyModels/AlloyModel__7.als",
    "fix_intent": "Introduce an explicit total ordering on Time and helper functions to replace the use of <= and < on Time atoms in rolesHeld, resolving the Alloy type error.",
    "source_ref": "Evaluator feedback: \"The error arises because in the set comprehension within the rolesHeld function, the condition d.delegatedAt <= s.t is invalid: d.delegatedAt and s.t are both of type Time, but the <= operator in Alloy is valid only for integer expressions, not for atoms or abstract signatures like Time.\"",
    "current_result": {
      "syntax": "Error",
      "error_message": "There are 1 possible tokens that can appear here:\n]\nSyntax error in /home/nati/autoRE/Output/AlloyModels/AlloyModel__7.als at line 198 column 143:",
      "satisfied_predicates": [],
      "unsatisfied_predicates": [],
      "counterexamples": [],
      "no_counterexample": []
    },
    "previous_result": {
      "syntax": "Error",
      "error_message": "This must be an integer expression.\nInstead, it has the following possible type(s):\n{this/Time}",
      "satisfied_predicates": [],
      "unsatisfied_predicates": [],
      "counterexamples": [],
      "no_counterexample": []
    },
    "updated_lines": "--- Output/AlloyModels/AlloyModel__6.als\t2026-07-03 15:18:46.138061766 -0500\n+++ Output/AlloyModels/AlloyModel__7.als\t2026-07-03 15:19:35.058827318 -0500\n@@ -67,7 +67,17 @@\n }\n \n-sig Time {}\n+sig Time {\n+    next: lone Time\n+}\n+\n+fun leq[t1, t2: Time]: Bool {\n+    t1 = t2 or t1 in t2.^~next\n+}\n+fun lt[t1, t2: Time]: Bool {\n+    t1 in t2.^~next and t1 != t2\n+}\n \n sig State {\n@@ -100,7 +110,7 @@\n             u in s.emergencyAdmins <=> (\n                 s.mode = EmergencyMode &&\n                 u in Administrator &&\n-                some et: EmergencyTrigger | u in et.admins && et.session = s.session && et.at <= s.t && (no et.endedAt or s.t < et.endedAt)\n+                some et: EmergencyTrigger | u in et.admins && et.session = s.session && leq[et.at, s.t] && (no et.endedAt or lt[s.t, et.endedAt])\n             )\n \n@@ -111,7 +121,7 @@\n \n     all s: State | \n-        lone et: EmergencyTrigger | et.session = s.session && et.at <= s.t && (no et.endedAt or s.t < et.endedAt) =>\n+        lone et: EmergencyTrigger | et.session = s.session && leq[et.at, s.t] && (no et.endedAt or lt[s.t, et.endedAt]) =>\n             s.mode = EmergencyMode\n }\n \n@@ -120,8 +130,8 @@\n fun rolesHeld[u: User, s: State]: set Role {\n     { d: Delegation |\n-        d.to = u && d.delegatedAt <= s.t &&\n-        (no d.expiresAt or s.t < d.expiresAt) &&\n+        d.to = u && leq[d.delegatedAt, s.t] &&\n+        (no d.expiresAt or lt[s.t, d.expiresAt]) &&\n         d.revoked = False &&\n         d in s.delegations\n     }.role\n@@ -185,7 +195,7 @@\n     all s: State | \n         s.mode = EmergencyMode =>\n-            s.emergencyAdmins = (let et = {e: EmergencyTrigger | e.session = s.session && e.at <= s.t && (no e.endedAt or s.t < e.endedAt)} | (some et => et.admins else none))\n+            s.emergencyAdmins = (let et = {e: EmergencyTrigger | e.session = s.session && leq[e.at, s.t] && (no e.endedAt or lt[s.t, e.endedAt)]} | (some et => et.admins else none))\n }\n \n@@ -248,7 +258,7 @@\n         s.mode = EmergencyMode =>\n             s.emergencyAdmins in Administrator &&\n             all a: s.emergencyAdmins | \n-                some et: EmergencyTrigger | a in et.admins && et.session = s.session && et.at <= s.t && (no et.endedAt or s.t < et.endedAt)\n+                some et: EmergencyTrigger | a in et.admins && et.session = s.session && leq[et.at, s.t] && (no et.endedAt or lt[s.t, et.endedAt])\n }\n \n",
    "expected_impact": {
      "satToUnsat": [],
      "unsatToSat": [],
      "passToFail": [],
      "failToPass": []
    },
    "actual_impact": {
      "satToUnsat": [],
      "unsatToSat": [],
      "passToFail": [],
      "failToPass": []
    },
    "outcome_classification": "pending",
    "issue": "syntax error at line 198 in pred R1R2R3",
    "syntax_error_context": "There are 1 possible tokens that can appear here:\n]\nSyntax error in /home/nati/autoRE/Output/AlloyModels/AlloyModel__7.als at line 198 column 143:",
    "resolved_target_issue": true,
    "fix_pattern_detected": null,
    "is_reverted": false,
    "evaluator_feedback": "```\n[DIAGNOSIS]:\nThe syntax error at line 198, column 143 is caused by a misplaced closing bracket (]) in the set comprehension within the let-binding: {e: EmergencyTrigger | e.session = s.session && leq[e.at, s.t] && (no e.endedAt or lt[s.t, e.endedAt)]}. The closing bracket terminates the set comprehension prematurely, so Alloy cannot parse the rest of the expression. Additionally, the set comprehension is being used where a set expression would suffice, and the right parenthesis for the let-binding is missing or misaligned.\n\n[FIX INTENT]:\nCorrect the set comprehension by replacing the erroneous closing bracket ']' with the correct parenthesis ')', ensuring that all parenthesis and brackets are properly balanced.\n\n[REPAIR INSTRUCTIONS]:\n- Step 1: In line 198, inside the let-binding for et = {e: EmergencyTrigger | ...}, find the expression \"(no e.endedAt or lt[s.t, e.endedAt)]\".\n- Step 2: Replace the closing bracket ']' at the end of that line with a closing parenthesis ')', so the clause reads \"(no e.endedAt or lt[s.t, e.endedAt])\".\n- Step 3: Verify that all other parentheses and brackets in the let-binding and the if-then-else expression are correctly balanced.\n\n[RATIONALE]:\nThis fix is Alloy 6 compliant because it corrects a basic bracketing error without changing the structure of the let-binding or conditional; it is different from prior failed attempts because it focuses on correcting a typo (bracket/parenthesis mismatch) rather than altering the expression's structure or adding additional parentheses.\n\n[LESSON]:\nAlways ensure matching pairs of parentheses and brackets in set comprehensions and conditional expressions to avoid Alloy parser errors.\n```",
    "timestamp": "2026-07-03T15:19:35.060069"
  },
  {
    "iteration_id": 8,
    "model_file_location": "Output/AlloyModels/AlloyModel__8.als",
    "fix_intent": "I am correcting a single misplaced closing bracket ']' in the let-binding within the R1R2R3 predicate, changing it to a closing parenthesis ')' to fix a syntax error in the set comprehension.",
    "source_ref": "Evaluator syntax repair instruction: line 198 misplaced closing bracket in set comprehension within let-binding.",
    "current_result": {
      "syntax": "Error",
      "error_message": "This must be a set or relation.\nInstead, it has the following possible type(s):\n{PrimitiveBoolean}",
      "satisfied_predicates": [],
      "unsatisfied_predicates": [],
      "counterexamples": [],
      "no_counterexample": []
    },
    "previous_result": {
      "syntax": "Error",
      "error_message": "There are 1 possible tokens that can appear here:\n]\nSyntax error in /home/nati/autoRE/Output/AlloyModels/AlloyModel__7.als at line 198 column 143:",
      "satisfied_predicates": [],
      "unsatisfied_predicates": [],
      "counterexamples": [],
      "no_counterexample": []
    },
    "updated_lines": "--- Output/AlloyModels/AlloyModel__7.als\t2026-07-03 15:19:35.058827318 -0500\n+++ Output/AlloyModels/AlloyModel__8.als\t2026-07-03 15:20:22.386592548 -0500\n@@ -195,7 +195,7 @@\n     all s: State | \n         s.mode = EmergencyMode =>\n-            s.emergencyAdmins = (let et = {e: EmergencyTrigger | e.session = s.session && leq[e.at, s.t] && (no e.endedAt or lt[s.t, e.endedAt)]} | (some et => et.admins else none))\n+            s.emergencyAdmins = (let et = {e: EmergencyTrigger | e.session = s.session && leq[e.at, s.t] && (no e.endedAt or lt[s.t, e.endedAt])} | (some et => et.admins else none))\n }\n \n",
    "expected_impact": {
      "satToUnsat": [],
      "unsatToSat": [],
      "passToFail": [],
      "failToPass": []
    },
    "actual_impact": {
      "satToUnsat": [],
      "unsatToSat": [],
      "passToFail": [],
      "failToPass": []
    },
    "outcome_classification": "pending",
    "issue": "syntax error at line 75 in fun leq",
    "syntax_error_context": "This must be a set or relation.\nInstead, it has the following possible type(s):\n{PrimitiveBoolean}",
    "resolved_target_issue": false,
    "fix_pattern_detected": "1 previous fix attempt for this issue has failed",
    "is_reverted": false,
    "evaluator_feedback": "```\n[DIAGNOSIS]:\nThe root cause is that the function leq is declared to return a Bool (the enum), but its body is a Boolean formula (using logical 'or' and set membership), not a set or relation of type Bool as required by Alloy's function return typing. In Alloy, function bodies returning enums must explicitly return a value of the enum, not a Boolean formula. The error arises because the body \"t1 = t2 or t1 in t2.^~next\" is a Boolean (PrimitiveBoolean in Alloy's type system), not a set or relation, and cannot be returned as a value of enum type Bool.\n\n[FIX INTENT]:\nChange the leq function to return a PrimitiveBoolean (i.e., logical value), not the Bool enum.\n\n[REPAIR INSTRUCTIONS]:\n- Step 1: Locate the function signature of leq at line 75: \"fun leq[t1, t2: Time]: Bool {\"\n- Step 2: Change the return type from \"Bool\" to \"Bool\" (primitive), by removing the explicit \": Bool\" type annotation. In Alloy 6, omitting the return type defaults the function body to return a Boolean formula.\n- Step 3: The corrected function should be: \"fun leq[t1, t2: Time] { t1 = t2 or t1 in t2.^~next }\"\n\n[RATIONALE]:\nThis fix is Alloy 6-compliant because it matches the expected return type of the function body (a Boolean formula), and differs from failed attempts that did not address the return type mismatch; it aligns the function's output with Alloy's type checker expectations for Boolean-valued helper functions.\n\n[LESSON]:\nWhen writing helper functions in Alloy that return logical truth values, do not specify an enum or signature as the return type; let Alloy infer a PrimitiveBoolean result from the formula.\n```",
    "timestamp": "2026-07-03T15:20:22.387629"
  },
  {
    "iteration_id": 9,
    "model_file_location": "Output/AlloyModels/AlloyModel__9.als",
    "fix_intent": "Correct the return type of the leq function from the Bool enum to a primitive Boolean formula so that Alloy 6 type checking is satisfied.",
    "source_ref": "Evaluator syntax repair instruction: function leq was declared as \"fun leq[t1, t2: Time]: Bool\" but its body is a Boolean formula, not a value of enum Bool.",
    "current_result": {
      "syntax": "Error",
      "error_message": "There are 1 possible tokens that can appear here:\n:\nSyntax error in /home/nati/autoRE/Output/AlloyModels/AlloyModel__9.als at line 75 column 23:",
      "satisfied_predicates": [],
      "unsatisfied_predicates": [],
      "counterexamples": [],
      "no_counterexample": []
    },
    "previous_result": {
      "syntax": "Error",
      "error_message": "This must be a set or relation.\nInstead, it has the following possible type(s):\n{PrimitiveBoolean}",
      "satisfied_predicates": [],
      "unsatisfied_predicates": [],
      "counterexamples": [],
      "no_counterexample": []
    },
    "updated_lines": "--- Output/AlloyModels/AlloyModel__8.als\t2026-07-03 15:20:22.386592548 -0500\n+++ Output/AlloyModels/AlloyModel__9.als\t2026-07-03 15:21:08.167580748 -0500\n@@ -72,7 +72,7 @@\n }\n \n-fun leq[t1, t2: Time]: Bool {\n+fun leq[t1, t2: Time] {\n     t1 = t2 or t1 in t2.^~next\n }\n fun lt[t1, t2: Time]: Bool {\n",
    "expected_impact": {
      "satToUnsat": [],
      "unsatToSat": [],
      "passToFail": [],
      "failToPass": []
    },
    "actual_impact": {
      "satToUnsat": [],
      "unsatToSat": [],
      "passToFail": [],
      "failToPass": []
    },
    "outcome_classification": "pending",
    "issue": "syntax error at line 75 in fun leq",
    "syntax_error_context": "There are 1 possible tokens that can appear here:\n:\nSyntax error in /home/nati/autoRE/Output/AlloyModels/AlloyModel__9.als at line 75 column 23:",
    "resolved_target_issue": true,
    "fix_pattern_detected": null,
    "is_reverted": false,
    "evaluator_feedback": "```\n[DIAGNOSIS]:\nThe syntax error at line 75, column 23 occurs because the function leq is missing a return type declaration. In Alloy 6, all function declarations must explicitly specify the return type after the parameter list, using a colon followed by the type (e.g., \": Bool\"). The current code omits the return type and directly opens a block with '{', which is not allowed.\n\n[FIX INTENT]:\nAdd an explicit return type declaration to the function leq so that it conforms to Alloy 6 function syntax.\n\n[REPAIR INSTRUCTIONS]:\n- Step 1: Locate the function definition for leq at line 75: fun leq[t1, t2: Time] {\n- Step 2: Modify the line to include a return type, changing it to: fun leq[t1, t2: Time]: Bool {\n  (i.e., insert \": Bool\" before the '{')\n- Step 3: Ensure the function body remains unchanged, as it already returns a Boolean expression.\n\n[RATIONALE]:\nThis fix is Alloy 6 compliant because all functions must declare their return type; adding \": Bool\" directly resolves the parsing error and is different from previous failed attempts, which focused on set comprehension brackets elsewhere.\n\n[LESSON]:\nAlways specify a return type in Alloy 6 function declarations to prevent syntax errors related to omitted type information.\n```",
    "timestamp": "2026-07-03T15:21:08.168997"
  },
  {
    "iteration_id": 10,
    "model_file_location": "Output/AlloyModels/AlloyModel__10.als",
    "fix_intent": "Added an explicit return type \": Bool\" to the function leq to comply with Alloy 6 syntax requirements for function declarations.",
    "source_ref": "Evaluator syntax repair instruction: function leq missing return type annotation at line 75.",
    "current_result": {
      "syntax": "Error",
      "error_message": "This must be a set or relation.\nInstead, it has the following possible type(s):\n{PrimitiveBoolean}",
      "satisfied_predicates": [],
      "unsatisfied_predicates": [],
      "counterexamples": [],
      "no_counterexample": []
    },
    "previous_result": {
      "syntax": "Error",
      "error_message": "There are 1 possible tokens that can appear here:\n:\nSyntax error in /home/nati/autoRE/Output/AlloyModels/AlloyModel__9.als at line 75 column 23:",
      "satisfied_predicates": [],
      "unsatisfied_predicates": [],
      "counterexamples": [],
      "no_counterexample": []
    },
    "updated_lines": "--- Output/AlloyModels/AlloyModel__9.als\t2026-07-03 15:21:08.167580748 -0500\n+++ Output/AlloyModels/AlloyModel__10.als\t2026-07-03 15:21:54.276322872 -0500\n@@ -72,7 +72,7 @@\n }\n \n-fun leq[t1, t2: Time] {\n+fun leq[t1, t2: Time]: Bool {\n     t1 = t2 or t1 in t2.^~next\n }\n fun lt[t1, t2: Time]: Bool {\n",
    "expected_impact": {
      "satToUnsat": [],
      "unsatToSat": [],
      "passToFail": [],
      "failToPass": []
    },
    "actual_impact": {
      "satToUnsat": [],
      "unsatToSat": [],
      "passToFail": [],
      "failToPass": []
    },
    "outcome_classification": "pending",
    "issue": "syntax error at line 75 in fun leq",
    "syntax_error_context": "This must be a set or relation.\nInstead, it has the following possible type(s):\n{PrimitiveBoolean}",
    "resolved_target_issue": true,
    "fix_pattern_detected": null,
    "is_reverted": false,
    "evaluator_feedback": "```\n[DIAGNOSIS]:\nThe error is caused by declaring the return type of the function leq as 'Bool', which is an enum in this model, but the function body returns a Boolean formula (a predicate expression), not a value of the 'Bool' enum. Alloy expects function return types to be sets or relations, not primitive Boolean values, unless the function is a predicate (returns a Boolean formula with no explicit return type). The error message points out that the function body is returning a PrimitiveBoolean, but Alloy expects a set or relation when a return type is declared.\n\n[FIX INTENT]:\nChange leq from a function returning 'Bool' to a predicate, or remove the explicit return type so Alloy treats it as a predicate.\n\n[REPAIR INSTRUCTIONS]:\n- Step 1: Go to line 75 and locate the function declaration: 'fun leq[t1, t2: Time]: Bool { ... }'.\n- Step 2: Remove ': Bool' from the function signature, changing it to 'fun leq[t1, t2: Time] { ... }'.\n- Step 3: Alternatively, if you want leq to be a predicate (which is more conventional for Boolean conditions in Alloy), change 'fun' to 'pred' for leq and adjust any calls accordingly.\n- Step 4: Verify that all usages of leq in the model are consistent with its new definition (i.e., used as a predicate, not as a set).\n\n[RATIONALE]:\nThis fix is Alloy 6 compliant because it aligns the function's signature with the actual result type (a Boolean formula/predicate, not a set or enum value). It is different from previous failed attempts, which did not address the root mismatch between function return type and body type.\n\n[LESSON]:\nIn Alloy, functions declared with an explicit return type must return sets or relations, not Boolean formulas. Use predicates for logical/Boolean-valued helpers.\n```",
    "timestamp": "2026-07-03T15:21:54.277360"
  },
  {
    "iteration_id": 11,
    "model_file_location": "Output/AlloyModels/AlloyModel__11.als",
    "fix_intent": "Remove the explicit ': Bool' return type from the function 'leq' so that Alloy treats it as a predicate returning a Boolean formula, resolving the type error.",
    "source_ref": "Evaluator syntax repair instruction: line 75 - function 'leq' declared with ': Bool' but returns Boolean formula.",
    "current_result": {
      "syntax": "Pending",
      "error_message": null,
      "satisfied_predicates": [],
      "unsatisfied_predicates": [],
      "counterexamples": [],
      "no_counterexample": []
    },
    "previous_result": {
      "syntax": "Error",
      "error_message": "This must be a set or relation.\nInstead, it has the following possible type(s):\n{PrimitiveBoolean}",
      "satisfied_predicates": [],
      "unsatisfied_predicates": [],
      "counterexamples": [],
      "no_counterexample": []
    },
    "updated_lines": "--- Output/AlloyModels/AlloyModel__10.als\t2026-07-03 15:21:54.276322872 -0500\n+++ Output/AlloyModels/AlloyModel__11.als\t2026-07-03 15:22:40.328608295 -0500\n@@ -72,7 +72,7 @@\n }\n \n-fun leq[t1, t2: Time]: Bool {\n+fun leq[t1, t2: Time] {\n     t1 = t2 or t1 in t2.^~next\n }\n fun lt[t1, t2: Time]: Bool {\n",
    "expected_impact": {
      "satToUnsat": [],
      "unsatToSat": [],
      "passToFail": [],
      "failToPass": []
    },
    "actual_impact": null,
    "outcome_classification": "pending",
    "issue": null,
    "syntax_error_context": null,
    "resolved_target_issue": null,
    "fix_pattern_detected": null,
    "is_reverted": false,
    "evaluator_feedback": null,
    "timestamp": "2026-07-03T15:22:40.329701"
  }
]