
================================================================================
SESSION START: 2026-04-20 12:04:58
================================================================================

[2026-04-20 12:04:58] ======================================================================
[2026-04-20 12:04:58] AutoRE - Automated Requirement Engineering System
[2026-04-20 12:04:58] ======================================================================
[2026-04-20 12:04:58] 
Step 1: Analyzing initial requirements...
[2026-04-20 12:05:11] Requirements document created: ReqsDoc/Reqs_0.txt
[2026-04-20 12:05:11] 
Step 2: Requesting user clarification...
[2026-04-20 12:05:11] 
--- USER PROMPT (FULL) ---
[2026-04-20 12:05:11] 
CLARIFICATION REQUEST - Iteration 0

The Requirement Engineer has analyzed your requirements and created a structured
requirements document. Please review the document and provide clarification on any
assumptions or ambiguities.

Requirements document: ReqsDoc/Reqs_0.txt

Please review the document and provide:
- Clarifications on any assumptions
- Corrections to any misunderstandings
- Additional context or constraints

You can also confirm if the requirements are correctly understood.

[2026-04-20 12:05:11] --- END PROMPT ---

[2026-04-20 12:05:11] ======================================================================
[2026-04-20 12:05:11] ======================================================================
[2026-04-20 12:05:11] Timeout: 300 seconds (5 minutes)
[2026-04-20 12:05:11] 
[2026-04-20 12:13:09] 
--- USER INPUT ---
[2026-04-20 12:13:09] 1. abstract it.
2. only those specified in Normal mode.
3. abstract it. this does not affect modeling the requirements at an abstract level.
4. automated process, and abstract the details.
5. high requests are processed before medium and low requests. Medium requests are processed before low requests.
regardless of their submitted order.
6. pending requests right before Emergency mode is processed according to the emergency processing rule.
7. there is a cool down period. make it abstract.
8. mutual exclusive roles are predefined during normal mode and all rule exclusivity constraints suspended.
[2026-04-20 12:13:09] --- END INPUT ---

[2026-04-20 12:13:09] User clarification received!
[2026-04-20 12:13:09] 
Step 3: Building initial Alloy model...
[2026-04-20 12:13:31] Alloy model created: AlloyModels/AlloyModel__0.als
[2026-04-20 12:13:31] ======================================================================
[2026-04-20 12:13:31] ITERATION 1
[2026-04-20 12:13:31] ======================================================================
[2026-04-20 12:13:31] 
Step 4: Running Alloy Analyzer...
[2026-04-20 12:13:31] ERROR: 
⛔ Fatal error: Unknown error

================================================================================
SESSION END: 2026-04-20 12:13:31
================================================================================


================================================================================
SESSION START: 2026-04-20 13:25:52
================================================================================

[2026-04-20 13:25:52] ======================================================================
[2026-04-20 13:25:52] AutoRE - Automated Requirement Engineering System
[2026-04-20 13:25:52] ======================================================================
[2026-04-20 13:25:52] 
Step 1: Analyzing initial requirements...
[2026-04-20 13:26:09] Requirements document created: ReqsDoc/Reqs_0.txt
[2026-04-20 13:26:09] 
Step 2: Requesting user clarification...
[2026-04-20 13:26:09] 
--- USER PROMPT (FULL) ---
[2026-04-20 13:26:09] 
CLARIFICATION REQUEST - Iteration 0

The Requirement Engineer has analyzed your requirements and created a structured
requirements document. Please review the document and provide clarification on any
assumptions or ambiguities.

Requirements document: ReqsDoc/Reqs_0.txt

Please review the document and provide:
- Clarifications on any assumptions
- Corrections to any misunderstandings
- Additional context or constraints

You can also confirm if the requirements are correctly understood.

[2026-04-20 13:26:09] --- END PROMPT ---

[2026-04-20 13:26:09] ======================================================================
[2026-04-20 13:26:09] ======================================================================
[2026-04-20 13:26:09] Timeout: 300 seconds (5 minutes)
[2026-04-20 13:26:09] 

================================================================================
SESSION END: 2026-04-20 13:26:49
================================================================================

