[
  {
    "iteration_id": 0,
    "model_file_location": "Output/AlloyModels/AlloyModel__0.als",
    "fix_intent": "Initial model creation",
    "source_ref": "Initial build",
    "current_result": {
      "syntax": "Error",
      "error_message": "There are 1 possible tokens that can appear here:\nNAME\nSyntax error in /home/nati/autoRE/Output/AlloyModels/AlloyModel__0.als at line 4 column 11:",
      "satisfied_predicates": [],
      "unsatisfied_predicates": [],
      "counterexamples": [],
      "no_counterexample": []
    },
    "previous_result": null,
    "updated_lines": "",
    "expected_impact": {
      "satToUnsat": [],
      "unsatToSat": [],
      "passToFail": [],
      "failToPass": []
    },
    "actual_impact": null,
    "outcome_classification": "pending",
    "issue": "syntax error at line 4 (open statement)",
    "resolved_target_issue": null,
    "fix_pattern_detected": null,
    "is_reverted": false,
    "timestamp": "2026-06-03T12:28:01.051219"
  },
  {
    "iteration_id": 1,
    "model_file_location": "Output/AlloyModels/AlloyModel__1.als",
    "fix_intent": "Replace the unsupported parameterized open of util/seq with the correct Alloy 6 idiom and update all usages of the request queue to use Seq/Seq[Request] to resolve syntax errors and enable model analysis.",
    "source_ref": "Evaluator feedback: syntax error due to unsupported open util/seq[Request] (Alloy 6 does not allow parameterized opens); must use open util/seq as Seq and update requestQueue to Seq/Seq[Request].",
    "current_result": {
      "syntax": "Error",
      "error_message": "There are 1 possible tokens that can appear here:\nNAME\nSyntax error in /home/nati/autoRE/Output/AlloyModels/AlloyModel__1.als at line 4 column 11:",
      "satisfied_predicates": [],
      "unsatisfied_predicates": [],
      "counterexamples": [],
      "no_counterexample": []
    },
    "previous_result": {
      "syntax": "Error",
      "error_message": "There are 1 possible tokens that can appear here:\nNAME\nSyntax error in /home/nati/autoRE/Output/AlloyModels/AlloyModel__0.als at line 4 column 11:",
      "satisfied_predicates": [],
      "unsatisfied_predicates": [],
      "counterexamples": [],
      "no_counterexample": []
    },
    "updated_lines": "Initial model (no previous version to compare)",
    "expected_impact": {
      "satToUnsat": [],
      "unsatToSat": [],
      "passToFail": [],
      "failToPass": []
    },
    "actual_impact": {
      "satToUnsat": [],
      "unsatToSat": [],
      "passToFail": [],
      "failToPass": []
    },
    "outcome_classification": "unintended_regression",
    "issue": "syntax error at line 4 (open statement)",
    "resolved_target_issue": false,
    "fix_pattern_detected": null,
    "is_reverted": false,
    "timestamp": "2026-06-03T12:29:42.122506"
  },
  {
    "iteration_id": 2,
    "model_file_location": "Output/AlloyModels/AlloyModel__2.als",
    "fix_intent": "Correct the Alloy 6 alias for util/seq by changing the open statement from \"as Seq\" to \"as seq\" and update all usages from \"Seq/Seq[Request]\" to \"seq/Seq[Request]\" to resolve the syntax error and enable model checking.",
    "source_ref": "Evaluator feedback: \"open util/seq as Seq\" is invalid in Alloy 6; the alias must be lowercase (\"seq\"), and all usages must match.",
    "current_result": {
      "syntax": "Error",
      "error_message": "There are 1 possible tokens that can appear here:\nNAME\nSyntax error in /home/nati/autoRE/Output/AlloyModels/AlloyModel__2.als at line 4 column 11:",
      "satisfied_predicates": [],
      "unsatisfied_predicates": [],
      "counterexamples": [],
      "no_counterexample": []
    },
    "previous_result": {
      "syntax": "Error",
      "error_message": "There are 1 possible tokens that can appear here:\nNAME\nSyntax error in /home/nati/autoRE/Output/AlloyModels/AlloyModel__1.als at line 4 column 11:",
      "satisfied_predicates": [],
      "unsatisfied_predicates": [],
      "counterexamples": [],
      "no_counterexample": []
    },
    "updated_lines": "--- Output/AlloyModels/AlloyModel__1.als\t2026-06-03 12:29:42.122356072 -0500\n+++ Output/AlloyModels/AlloyModel__2.als\t2026-06-03 12:35:09.104498314 -0500\n@@ -1,7 +1,7 @@\n \n open util/ordering[Time] as TO\n-open util/seq as Seq // Correct idiom for Alloy 6\n+open util/seq as seq // Correct idiom for Alloy 6 (lowercase alias)\n \n \n@@ -50,7 +50,7 @@\n   delegated: User -> Role,\n-  requestQueue: Seq/Seq[Request], // changed here\n+  requestQueue: seq/Seq[Request], // changed here\n   emergencyPrivs: set User,\n",
    "expected_impact": {
      "satToUnsat": [],
      "unsatToSat": [],
      "passToFail": [],
      "failToPass": []
    },
    "actual_impact": {
      "satToUnsat": [],
      "unsatToSat": [],
      "passToFail": [],
      "failToPass": []
    },
    "outcome_classification": "unintended_regression",
    "issue": "syntax error at line 4 (open statement)",
    "resolved_target_issue": false,
    "fix_pattern_detected": null,
    "is_reverted": false,
    "timestamp": "2026-06-03T12:35:09.106033"
  },
  {
    "iteration_id": 3,
    "model_file_location": "Output/AlloyModels/AlloyModel__3.als",
    "fix_intent": "Change the alias for util/seq in the open statement from the reserved word \"seq\" to a non-reserved identifier (e.g., \"seqAlias\") and update all usages accordingly, to resolve the Alloy 6 syntax error and enable model checking.",
    "source_ref": "Evaluator feedback: \"open util/seq as seq\" is invalid in Alloy 6; must use a non-reserved alias (e.g., \"seqAlias\"), and update all usages.",
    "current_result": {
      "syntax": "Error",
      "error_message": "There are 1 possible tokens that can appear here:\nNAME\nSyntax error in /home/nati/autoRE/Output/AlloyModels/AlloyModel__3.als at line 4 column 11:",
      "satisfied_predicates": [],
      "unsatisfied_predicates": [],
      "counterexamples": [],
      "no_counterexample": []
    },
    "previous_result": {
      "syntax": "Error",
      "error_message": "There are 1 possible tokens that can appear here:\nNAME\nSyntax error in /home/nati/autoRE/Output/AlloyModels/AlloyModel__2.als at line 4 column 11:",
      "satisfied_predicates": [],
      "unsatisfied_predicates": [],
      "counterexamples": [],
      "no_counterexample": []
    },
    "updated_lines": "--- Output/AlloyModels/AlloyModel__2.als\t2026-06-03 12:35:09.104498314 -0500\n+++ Output/AlloyModels/AlloyModel__3.als\t2026-06-03 12:40:33.358992553 -0500\n@@ -1,7 +1,7 @@\n \n open util/ordering[Time] as TO\n-open util/seq as seq // Correct idiom for Alloy 6 (lowercase alias)\n+open util/seq as seqAlias // Fixed: use non-reserved alias\n \n \n@@ -50,7 +50,7 @@\n   delegated: User -> Role,\n-  requestQueue: seq/Seq[Request], // changed here\n+  requestQueue: seqAlias/Seq[Request], // updated alias here\n   emergencyPrivs: set User,\n",
    "expected_impact": {
      "satToUnsat": [],
      "unsatToSat": [],
      "passToFail": [],
      "failToPass": []
    },
    "actual_impact": {
      "satToUnsat": [],
      "unsatToSat": [],
      "passToFail": [],
      "failToPass": []
    },
    "outcome_classification": "unintended_regression",
    "issue": "syntax error at line 4 (open statement)",
    "resolved_target_issue": false,
    "fix_pattern_detected": null,
    "is_reverted": false,
    "timestamp": "2026-06-03T12:40:33.360521"
  },
  {
    "iteration_id": 4,
    "model_file_location": "Output/AlloyModels/AlloyModel__4.als",
    "fix_intent": "Remove the inline comment from the open statement for util/seq as seqAlias to resolve the Alloy 6 syntax error and enable model checking.",
    "source_ref": "Evaluator feedback: Inline comment on the open util/seq as seqAlias line is invalid syntax and blocks parsing.",
    "current_result": {
      "syntax": "Error",
      "error_message": "There are 1 possible tokens that can appear here:\nNAME\nSyntax error in /home/nati/autoRE/Output/AlloyModels/AlloyModel__4.als at line 5 column 11:",
      "satisfied_predicates": [],
      "unsatisfied_predicates": [],
      "counterexamples": [],
      "no_counterexample": []
    },
    "previous_result": {
      "syntax": "Error",
      "error_message": "There are 1 possible tokens that can appear here:\nNAME\nSyntax error in /home/nati/autoRE/Output/AlloyModels/AlloyModel__3.als at line 4 column 11:",
      "satisfied_predicates": [],
      "unsatisfied_predicates": [],
      "counterexamples": [],
      "no_counterexample": []
    },
    "updated_lines": "--- Output/AlloyModels/AlloyModel__3.als\t2026-06-03 12:40:33.358992553 -0500\n+++ Output/AlloyModels/AlloyModel__4.als\t2026-06-03 12:45:56.930095842 -0500\n@@ -1,7 +1,8 @@\n \n open util/ordering[Time] as TO\n-open util/seq as seqAlias // Fixed: use non-reserved alias\n+open util/seq as seqAlias\n \n \n",
    "expected_impact": {
      "satToUnsat": [],
      "unsatToSat": [],
      "passToFail": [],
      "failToPass": []
    },
    "actual_impact": {
      "satToUnsat": [],
      "unsatToSat": [],
      "passToFail": [],
      "failToPass": []
    },
    "outcome_classification": "unintended_regression",
    "issue": "syntax error at line 5 (open statement)",
    "resolved_target_issue": false,
    "fix_pattern_detected": null,
    "is_reverted": false,
    "timestamp": "2026-06-03T12:45:56.931324"
  },
  {
    "iteration_id": 5,
    "model_file_location": "Output/AlloyModels/AlloyModel__5.als",
    "fix_intent": "Remove the unsupported aliasing (\"as seqAlias\") from the open util/seq statement and update all seqAlias/Seq usages to util/seq/Seq to resolve the Alloy 6 syntax error and enable model checking.",
    "source_ref": "Evaluator feedback: Alloy 6 does not allow aliasing in open statements; replace open util/seq as seqAlias with open util/seq and update all references accordingly.",
    "current_result": {
      "syntax": "Error",
      "error_message": "There are 1 possible tokens that can appear here:\nNAME\nSyntax error in /home/nati/autoRE/Output/AlloyModels/AlloyModel__5.als at line 4 column 11:",
      "satisfied_predicates": [],
      "unsatisfied_predicates": [],
      "counterexamples": [],
      "no_counterexample": []
    },
    "previous_result": {
      "syntax": "Error",
      "error_message": "There are 1 possible tokens that can appear here:\nNAME\nSyntax error in /home/nati/autoRE/Output/AlloyModels/AlloyModel__4.als at line 5 column 11:",
      "satisfied_predicates": [],
      "unsatisfied_predicates": [],
      "counterexamples": [],
      "no_counterexample": []
    },
    "updated_lines": "--- Output/AlloyModels/AlloyModel__4.als\t2026-06-03 12:45:56.930095842 -0500\n+++ Output/AlloyModels/AlloyModel__5.als\t2026-06-03 12:51:21.048183549 -0500\n@@ -1,8 +1,7 @@\n \n open util/ordering[Time] as TO\n-open util/seq as seqAlias\n+open util/seq\n \n \n@@ -51,7 +50,7 @@\n   delegated: User -> Role,\n-  requestQueue: seqAlias/Seq[Request], // updated alias here\n+  requestQueue: util/seq/Seq[Request], // updated usage here\n   emergencyPrivs: set User,\n",
    "expected_impact": {
      "satToUnsat": [],
      "unsatToSat": [],
      "passToFail": [],
      "failToPass": []
    },
    "actual_impact": {
      "satToUnsat": [],
      "unsatToSat": [],
      "passToFail": [],
      "failToPass": []
    },
    "outcome_classification": "unintended_regression",
    "issue": "syntax error at line 4 (open statement)",
    "resolved_target_issue": false,
    "fix_pattern_detected": null,
    "is_reverted": false,
    "timestamp": "2026-06-03T12:51:21.049382"
  },
  {
    "iteration_id": 6,
    "model_file_location": "Output/AlloyModels/AlloyModel__6.als",
    "fix_intent": "Replace the invalid Alloy 6 open statement open util/seq with the correct parameterized form open util/seq[Request], and update all references to util/seq/Seq[Request] to simply Seq[Request], in order to resolve the critical syntax error and enable model verification.",
    "source_ref": "Evaluator feedback: Alloy 6 syntax error at line 4; open util/seq is not valid, must use parameterized open util/seq[Request], with all usages updated accordingly.",
    "current_result": {
      "syntax": "Error",
      "error_message": "There are 1 possible tokens that can appear here:\nNAME\nSyntax error in /home/nati/autoRE/Output/AlloyModels/AlloyModel__6.als at line 4 column 11:",
      "satisfied_predicates": [],
      "unsatisfied_predicates": [],
      "counterexamples": [],
      "no_counterexample": []
    },
    "previous_result": {
      "syntax": "Error",
      "error_message": "There are 1 possible tokens that can appear here:\nNAME\nSyntax error in /home/nati/autoRE/Output/AlloyModels/AlloyModel__5.als at line 4 column 11:",
      "satisfied_predicates": [],
      "unsatisfied_predicates": [],
      "counterexamples": [],
      "no_counterexample": []
    },
    "updated_lines": "--- Output/AlloyModels/AlloyModel__5.als\t2026-06-03 12:51:21.048183549 -0500\n+++ Output/AlloyModels/AlloyModel__6.als\t2026-06-03 12:56:47.769980568 -0500\n@@ -1,7 +1,7 @@\n \n open util/ordering[Time] as TO\n-open util/seq\n+open util/seq[Request]\n \n \n@@ -50,7 +50,7 @@\n   delegated: User -> Role,\n-  requestQueue: util/seq/Seq[Request], // updated usage here\n+  requestQueue: Seq[Request], // updated usage here\n   emergencyPrivs: set User,\n",
    "expected_impact": {
      "satToUnsat": [],
      "unsatToSat": [],
      "passToFail": [],
      "failToPass": []
    },
    "actual_impact": {
      "satToUnsat": [],
      "unsatToSat": [],
      "passToFail": [],
      "failToPass": []
    },
    "outcome_classification": "unintended_regression",
    "issue": "syntax error at line 4 (open statement)",
    "resolved_target_issue": null,
    "fix_pattern_detected": null,
    "is_reverted": false,
    "timestamp": "2026-06-03T12:56:47.771085"
  },
  {
    "iteration_id": 7,
    "model_file_location": "Output/AlloyModels/AlloyModel__7.als",
    "fix_intent": "Update the model to use Alloy 6-compatible syntax for importing and using the sequence module (util/seq), following the evaluated feedback and Alloy 6 module aliasing rules.",
    "source_ref": "Evaluator feedback: syntax error at line 3 due to incorrect use of open util/seq[Request]; must use open util/seq as seq and reference seq/Seq[Request] accordingly.",
    "current_result": {
      "syntax": "Error",
      "error_message": "There are 1 possible tokens that can appear here:\nNAME\nSyntax error in /home/nati/autoRE/Output/AlloyModels/AlloyModel__7.als at line 4 column 11:",
      "satisfied_predicates": [],
      "unsatisfied_predicates": [],
      "counterexamples": [],
      "no_counterexample": []
    },
    "previous_result": {
      "syntax": "Error",
      "error_message": "There are 1 possible tokens that can appear here:\nNAME\nSyntax error in /home/nati/autoRE/Output/AlloyModels/AlloyModel__6.als at line 4 column 11:",
      "satisfied_predicates": [],
      "unsatisfied_predicates": [],
      "counterexamples": [],
      "no_counterexample": []
    },
    "updated_lines": "--- Output/AlloyModels/AlloyModel__6.als\t2026-06-03 12:56:47.769980568 -0500\n+++ Output/AlloyModels/AlloyModel__7.als\t2026-06-03 13:49:16.789617883 -0500\n@@ -1,7 +1,8 @@\n \n open util/ordering[Time] as TO\n-open util/seq[Request]\n+open util/seq as seq\n \n \n@@ -50,7 +51,7 @@\n   delegated: User -> Role,\n-  requestQueue: Seq[Request], // updated usage here\n+  requestQueue: seq/Seq[Request], // updated usage here\n   emergencyPrivs: set User,\n",
    "expected_impact": {
      "satToUnsat": [],
      "unsatToSat": [],
      "passToFail": [],
      "failToPass": []
    },
    "actual_impact": {
      "satToUnsat": [],
      "unsatToSat": [],
      "passToFail": [],
      "failToPass": []
    },
    "outcome_classification": "unintended_regression",
    "issue": "syntax error at line 4 (open statement)",
    "resolved_target_issue": false,
    "fix_pattern_detected": "7 total fix attempts for this issue. Similar approach used 6 times: \"Replace the unsupported parameterized open of util/seq wi...\"",
    "is_reverted": false,
    "timestamp": "2026-06-03T13:49:16.790716"
  },
  {
    "iteration_id": 7,
    "model_file_location": "Output/AlloyModels/AlloyModel__7.als",
    "fix_intent": "Correct the Alloy 6 syntax error with the parameterized import of util/seq, and update all sequence type/references accordingly, so that the model is syntactically valid and verification can proceed.",
    "source_ref": "Evaluator feedback: syntax error with Alloy 6 parameterized module import; explicit instructions to use open util/seq as seq, and use seq/Seq[Request] throughout.",
    "current_result": {
      "syntax": "Pending",
      "error_message": null,
      "satisfied_predicates": [],
      "unsatisfied_predicates": [],
      "counterexamples": [],
      "no_counterexample": []
    },
    "previous_result": {
      "syntax": "Error",
      "error_message": "There are 1 possible tokens that can appear here:\nNAME\nSyntax error in /home/nati/autoRE/Output/AlloyModels/AlloyModel__6.als at line 4 column 11:",
      "satisfied_predicates": [],
      "unsatisfied_predicates": [],
      "counterexamples": [],
      "no_counterexample": []
    },
    "updated_lines": "--- Output/AlloyModels/AlloyModel__6.als\t2026-06-03 12:56:47.769980568 -0500\n+++ Output/AlloyModels/AlloyModel__7.als\t2026-06-05 17:32:08.253649272 -0500\n@@ -1,7 +1,8 @@\n \n open util/ordering[Time] as TO\n-open util/seq[Request]\n+open util/seq as seq\n \n \n@@ -50,7 +51,7 @@\n   delegated: User -> Role,\n-  requestQueue: Seq[Request], // updated usage here\n+  requestQueue: seq/Seq[Request], // updated usage here\n   emergencyPrivs: set User,\n@@ -162,7 +163,7 @@\n     s.mode = Emergency and\n     some rq1, rq2: Request |\n       rq1.classif = High and rq2.classif = High and\n-      rq1 in s.requestQueue.elems and rq2 in s.requestQueue.elems and\n+      rq1 in seq/elems[s.requestQueue] and rq2 in seq/elems[s.requestQueue] and\n       rq1 != rq2\n@@ -250,8 +251,8 @@\n   some s: State | s.mode = Emergency and\n     some rq1, rq2: Request |\n       rq1.classif = High and rq2.classif = High and\n-      rq1 in s.requestQueue.elems and\n-      rq2 in s.requestQueue.elems and\n+      rq1 in seq/elems[s.requestQueue] and\n+      rq2 in seq/elems[s.requestQueue] and\n       rq1 != rq2\n }\n check assertEmergencyRequestBypassFIFO for 8 State\n",
    "expected_impact": {
      "satToUnsat": [],
      "unsatToSat": [],
      "passToFail": [],
      "failToPass": []
    },
    "actual_impact": null,
    "outcome_classification": "pending",
    "issue": "syntax error at line 4 (open statement)",
    "resolved_target_issue": false,
    "fix_pattern_detected": null,
    "is_reverted": false,
    "timestamp": "2026-06-05T17:32:08.254830"
  },
  {
    "iteration_id": 7,
    "model_file_location": "Output/AlloyModels/AlloyModel__7.als",
    "fix_intent": "Remove the parameterization from the open util/seq statement and update all references to the sequence type to use util/seq/Seq[Request] instead of Seq[Request] or any alias, in order to eliminate Alloy 6 syntax errors and ensure the model is syntactically valid.",
    "source_ref": "Evaluator feedback: syntax error on line 4; Alloy 6 does not support parameterized open of util/seq; must use open util/seq and refer to util/seq/Seq[Request] directly.",
    "current_result": {
      "syntax": "Pending",
      "error_message": null,
      "satisfied_predicates": [],
      "unsatisfied_predicates": [],
      "counterexamples": [],
      "no_counterexample": []
    },
    "previous_result": {
      "syntax": "Error",
      "error_message": "There are 1 possible tokens that can appear here:\nNAME\nSyntax error in /home/nati/autoRE/Output/AlloyModels/AlloyModel__6.als at line 4 column 11:",
      "satisfied_predicates": [],
      "unsatisfied_predicates": [],
      "counterexamples": [],
      "no_counterexample": []
    },
    "updated_lines": "--- Output/AlloyModels/AlloyModel__6.als\t2026-06-03 12:56:47.769980568 -0500\n+++ Output/AlloyModels/AlloyModel__7.als\t2026-06-05 17:54:38.513125415 -0500\n@@ -1,7 +1,7 @@\n \n open util/ordering[Time] as TO\n-open util/seq[Request]\n+open util/seq\n \n \n@@ -50,7 +50,7 @@\n   delegated: User -> Role,\n-  requestQueue: Seq[Request], // updated usage here\n+  requestQueue: util/seq/Seq[Request], // updated usage here\n   emergencyPrivs: set User,\n",
    "expected_impact": {
      "satToUnsat": [],
      "unsatToSat": [],
      "passToFail": [],
      "failToPass": []
    },
    "actual_impact": null,
    "outcome_classification": "pending",
    "issue": "syntax error at line 4 (open statement)",
    "resolved_target_issue": false,
    "fix_pattern_detected": null,
    "is_reverted": false,
    "timestamp": "2026-06-05T17:54:38.514685"
  }
]