[
  {
    "iteration_id": 0,
    "model_file_location": "Output/AlloyModels/AlloyModel__0.als",
    "fix_intent": "Initial model creation",
    "source_ref": "Initial build",
    "current_result": {
      "syntax": "Error",
      "error_message": "There are 3 possible tokens that can appear here:\n,  : =\nSyntax error in /home/nati/autoRE/Output/AlloyModels/AlloyModel__0.als at line 74 column 15:",
      "satisfied_predicates": [],
      "unsatisfied_predicates": [],
      "counterexamples": [],
      "no_counterexample": []
    },
    "previous_result": null,
    "updated_lines": "",
    "expected_impact": {
      "satToUnsat": [],
      "unsatToSat": [],
      "passToFail": [],
      "failToPass": []
    },
    "actual_impact": null,
    "outcome_classification": "pending",
    "issue": "syntax error at line 74 in pred Next",
    "syntax_error_context": "There are 3 possible tokens that can appear here:\n,  : =\nSyntax error in /home/nati/autoRE/Output/AlloyModels/AlloyModel__0.als at line 74 column 15:",
    "resolved_target_issue": null,
    "fix_pattern_detected": null,
    "is_reverted": false,
    "timestamp": "2026-06-08T20:01:02.279648"
  },
  {
    "iteration_id": 1,
    "model_file_location": "Output/AlloyModels/AlloyModel__1.als",
    "fix_intent": "Rename the parameter \"s'\" to a valid Alloy 6 identifier (e.g., \"s2\") in the Next predicate and update all corresponding uses throughout the model, to resolve Alloy 6 syntax errors related to the use of a prime in identifiers.",
    "source_ref": "Evaluator feedback: syntax error from use of \"s'\" as an identifier in Alloy 6 (predicate Next and all usage points).",
    "current_result": {
      "syntax": "Error",
      "error_message": "This must be an integer expression.\nInstead, it has the following possible type(s):\n{this/Clearance}",
      "satisfied_predicates": [],
      "unsatisfied_predicates": [],
      "counterexamples": [],
      "no_counterexample": []
    },
    "previous_result": {
      "syntax": "Error",
      "error_message": "There are 3 possible tokens that can appear here:\n,  : =\nSyntax error in /home/nati/autoRE/Output/AlloyModels/AlloyModel__0.als at line 74 column 15:",
      "satisfied_predicates": [],
      "unsatisfied_predicates": [],
      "counterexamples": [],
      "no_counterexample": []
    },
    "updated_lines": "Initial model (no previous version to compare)",
    "expected_impact": {
      "satToUnsat": [],
      "unsatToSat": [],
      "passToFail": [],
      "failToPass": []
    },
    "actual_impact": {
      "satToUnsat": [],
      "unsatToSat": [],
      "passToFail": [],
      "failToPass": []
    },
    "outcome_classification": "pending",
    "issue": "syntax error at line 97 in fact DelegationClearance",
    "syntax_error_context": "This must be an integer expression.\nInstead, it has the following possible type(s):\n{this/Clearance}",
    "resolved_target_issue": true,
    "fix_pattern_detected": null,
    "is_reverted": false,
    "timestamp": "2026-06-08T20:01:59.280833"
  },
  {
    "iteration_id": 2,
    "model_file_location": "Output/AlloyModels/AlloyModel__2.als",
    "fix_intent": "Replace the invalid clearance comparison using '>=' between Clearance signature values with an explicit ordering and a leqClearance predicate, and revise all uses according to Alloy 6 rules for signature ordering.",
    "source_ref": "Evaluator feedback: \"The error arises because in Alloy 6, the '>=' operator is defined only for integer expressions. In the fact DelegationClearance, the code attempts to compare two values of type Clearance (an abstract signature), not integers...\"",
    "current_result": {
      "syntax": "OK",
      "error_message": null,
      "satisfied_predicates": [
        "baseline",
        "R1R2R3R4",
        "R1R2",
        "R1R2R3",
        "All_Requirements",
        "R1"
      ],
      "unsatisfied_predicates": [],
      "counterexamples": [
        "assertEmergencyPrivsRevokedAtExit",
        "assertEmergencyPrivsOnlyDuringEmergency",
        "assertDelegationRetainedAfterEmergencyIfNotDuring",
        "assertDelegationRevokedAtEmergencyExit",
        "assertMutexPositive"
      ],
      "no_counterexample": [
        "assertMutexNegative"
      ]
    },
    "previous_result": {
      "syntax": "Error",
      "error_message": "This must be an integer expression.\nInstead, it has the following possible type(s):\n{this/Clearance}",
      "satisfied_predicates": [],
      "unsatisfied_predicates": [],
      "counterexamples": [],
      "no_counterexample": []
    },
    "updated_lines": "--- Output/AlloyModels/AlloyModel__1.als\t2026-06-08 20:01:59.280738075 -0500\n+++ Output/AlloyModels/AlloyModel__2.als\t2026-06-08 20:02:59.184862287 -0500\n@@ -6,6 +6,23 @@\n abstract sig Clearance {}\n one sig High, Medium, Low extends Clearance {}\n \n+\n+fun succClearance[c: Clearance]: set Clearance {\n+    (c = Low) => Medium else\n+    (c = Medium) => High else\n+    none\n+}\n+\n+pred leqClearance[c1, c2: Clearance] {\n+    c1 = c2 or\n+    (c1 = Low and (c2 = Medium or c2 = High)) or\n+    (c1 = Medium and c2 = High)\n+}\n+\n sig User {\n     clearance: one Clearance\n@@ -94,7 +111,7 @@\n \n fact DelegationClearance {\n-    all d: Delegation | d.to.clearance >= d.role.minClearance\n+    all d: Delegation | leqClearance[d.role.minClearance, d.to.clearance]\n }\n \n fact DelegationMutex {\n",
    "expected_impact": {
      "satToUnsat": [],
      "unsatToSat": [],
      "passToFail": [],
      "failToPass": []
    },
    "actual_impact": {
      "satToUnsat": [],
      "unsatToSat": [],
      "passToFail": [],
      "failToPass": [
        "assertMutexNegative"
      ]
    },
    "outcome_classification": "unintended_regression",
    "issue": "counterexample: unknown, unknown, unknown, unknown, unknown",
    "syntax_error_context": null,
    "resolved_target_issue": true,
    "fix_pattern_detected": null,
    "is_reverted": false,
    "timestamp": "2026-06-08T20:02:59.186067"
  },
  {
    "iteration_id": 3,
    "model_file_location": "Output/AlloyModels/AlloyModel__3.als",
    "fix_intent": "Promote EmergencyPrivilege and delegation revocation/retention requirements from predicates to global facts, ensuring global enforcement of these constraints as required for assertion soundness and system correctness.",
    "source_ref": "Evaluator feedback: \"The model needs these constraints as global facts, not just as predicates. Add global facts to enforce EmergencyPrivilege and delegation behavior...\"",
    "current_result": {
      "syntax": "OK",
      "error_message": null,
      "satisfied_predicates": [
        "baseline",
        "R1R2R3R4",
        "R1R2",
        "R1R2R3",
        "All_Requirements",
        "R1"
      ],
      "unsatisfied_predicates": [],
      "counterexamples": [
        "assertMutexPositive"
      ],
      "no_counterexample": [
        "assertMutexNegative",
        "assertEmergencyPrivsOnlyDuringEmergency",
        "assertEmergencyPrivsRevokedAtExit",
        "assertDelegationRevokedAtEmergencyExit",
        "assertDelegationRetainedAfterEmergencyIfNotDuring"
      ]
    },
    "previous_result": {
      "syntax": "OK",
      "error_message": null,
      "satisfied_predicates": [
        "baseline",
        "R1R2R3R4",
        "R1R2",
        "R1R2R3",
        "All_Requirements",
        "R1"
      ],
      "unsatisfied_predicates": [],
      "counterexamples": [
        "assertEmergencyPrivsRevokedAtExit",
        "assertEmergencyPrivsOnlyDuringEmergency",
        "assertDelegationRetainedAfterEmergencyIfNotDuring",
        "assertDelegationRevokedAtEmergencyExit",
        "assertMutexPositive"
      ],
      "no_counterexample": [
        "assertMutexNegative"
      ]
    },
    "updated_lines": "--- Output/AlloyModels/AlloyModel__2.als\t2026-06-08 20:02:59.184862287 -0500\n+++ Output/AlloyModels/AlloyModel__3.als\t2026-06-08 20:08:39.105279239 -0500\n@@ -124,6 +124,37 @@\n                         not (r1 in s.userRoles[u] and r2 in s.userRoles[u])\n }\n \n+\n+fact EmergencyPrivsOnlyDuringEmergency {\n+    all s: State | all a: Administrator |\n+        some s.emergencyPrivs[a] implies s.mode = Emergency\n+}\n+\n+fact EmergencyPrivsRevokedAtExit {\n+    all s, s2: State |\n+        s.mode = Emergency and s2.mode = Normal and Next[s, s2] =>\n+            all a: Administrator | no s2.emergencyPrivs[a]\n+}\n+\n+fact DelegationRevokedAtEmergencyExit {\n+    all s, s2: State |\n+        s.mode = Emergency and s2.mode = Normal and Next[s, s2] =>\n+            all d: Delegation |\n+                d.duringEmergency = True => d not in s2.activeDelegations\n+}\n+\n+fact DelegationRetainedAfterEmergencyIfNotDuring {\n+    all s, s2: State |\n+        s.mode = Emergency and s2.mode = Normal and Next[s, s2] =>\n+            all d: Delegation |\n+                d.duringEmergency = False => (d in s2.activeDelegations iff d in s.activeDelegations)\n+}\n+\n \n@@ -161,33 +192,16 @@\n         s.mode = Emergency =>\n             some u: User, r1, r2: Role | r1 != r2 and r2 in r1.mutexWith and r1 in s.userRoles[u] and r2 in s.userRoles[u]\n-    and\n-    all s: State |\n-        s.mode = Emergency =>\n-            all a: Administrator | some s.emergencyPrivs[a]\n }\n \n pred R1R2R3R4 {\n     R1R2R3 and\n-    all s, s2: State |\n-        s.mode = Emergency and s2.mode = Normal and Next[s, s2] =>\n-            all a: Administrator | no s2.emergencyPrivs[a]\n-    and\n-    all s, s2: State |\n-        s.mode = Emergency and s2.mode = Normal and Next[s, s2] =>\n-            all d: Delegation |\n-                d.duringEmergency = True => d not in s2.activeDelegations\n-    and\n-    all s, s2: State |\n-        s.mode = Emergency and s2.mode = Normal and Next[s, s2] =>\n-            all d: Delegation |\n-                d.duringEmergency = False => (d in s2.activeDelegations iff d in s.activeDelegations)\n-    and\n     all s, s2: State |\n         s.mode = Emergency and s2.mode = Normal and Next[s, s2] =>\n             all a: Administrator | s2.adminCredUpdated[a] = True\n",
    "expected_impact": {
      "satToUnsat": [],
      "unsatToSat": [],
      "passToFail": [],
      "failToPass": []
    },
    "actual_impact": {
      "satToUnsat": [],
      "unsatToSat": [],
      "passToFail": [],
      "failToPass": [
        "assertEmergencyPrivsOnlyDuringEmergency",
        "assertEmergencyPrivsRevokedAtExit",
        "assertDelegationRetainedAfterEmergencyIfNotDuring",
        "assertDelegationRevokedAtEmergencyExit"
      ]
    },
    "outcome_classification": "expected_improvement",
    "issue": "counterexample: unknown",
    "syntax_error_context": null,
    "resolved_target_issue": false,
    "fix_pattern_detected": "1 previous fix attempt for this issue has failed",
    "is_reverted": false,
    "timestamp": "2026-06-08T20:08:39.106608"
  },
  {
    "iteration_id": 4,
    "model_file_location": "Output/AlloyModels/AlloyModel__4.als",
    "fix_intent": "Replace the overstrong assertion assertMutexPositive (which incorrectly requires that a user must hold mutually exclusive roles in all Emergency states) with a possibility predicate and corresponding run command, so the model only checks that it is possible (not required) for a user to hold mutex roles during Emergency.",
    "source_ref": "Evaluator feedback: \"The assertion assertMutexPositive is too strong and overstates the requirements... Remove or comment out the current assertMutexPositive assertion. Replace it with a possibility check using a run predicate...\"",
    "current_result": {
      "syntax": "OK",
      "error_message": null,
      "satisfied_predicates": [
        "baseline",
        "R1R2R3R4",
        "R1R2",
        "R1R2R3",
        "All_Requirements",
        "R1",
        "MutexPossibleDuringEmergency"
      ],
      "unsatisfied_predicates": [],
      "counterexamples": [],
      "no_counterexample": [
        "assertMutexNegative",
        "assertEmergencyPrivsOnlyDuringEmergency",
        "assertEmergencyPrivsRevokedAtExit",
        "assertDelegationRevokedAtEmergencyExit",
        "assertDelegationRetainedAfterEmergencyIfNotDuring"
      ]
    },
    "previous_result": {
      "syntax": "OK",
      "error_message": null,
      "satisfied_predicates": [
        "baseline",
        "R1R2R3R4",
        "R1R2",
        "R1R2R3",
        "All_Requirements",
        "R1"
      ],
      "unsatisfied_predicates": [],
      "counterexamples": [
        "assertMutexPositive"
      ],
      "no_counterexample": [
        "assertMutexNegative",
        "assertEmergencyPrivsOnlyDuringEmergency",
        "assertEmergencyPrivsRevokedAtExit",
        "assertDelegationRevokedAtEmergencyExit",
        "assertDelegationRetainedAfterEmergencyIfNotDuring"
      ]
    },
    "updated_lines": "--- Output/AlloyModels/AlloyModel__3.als\t2026-06-08 20:08:39.105279239 -0500\n+++ Output/AlloyModels/AlloyModel__4.als\t2026-06-08 20:19:23.426353323 -0500\n@@ -224,6 +224,8 @@\n                     not (r1 in s.userRoles[u] and r2 in s.userRoles[u])\n }\n \n+/*\n assert assertMutexPositive {\n     all s: State |\n@@ -231,6 +233,7 @@\n             some u: User, r1, r2: Role |\n                 r2 in r1.mutexWith and r1 in s.userRoles[u] and r2 in s.userRoles[u]\n }\n+*/\n \n assert assertEmergencyPrivsOnlyDuringEmergency {\n@@ -262,6 +265,18 @@\n                 d.duringEmergency = False => (d in s2.activeDelegations iff d in s.activeDelegations)\n }\n \n+\n+pred MutexPossibleDuringEmergency {\n+    some s: State | \n+        s.mode = Emergency and \n+        some u: User, r1, r2: Role | \n+            r2 in r1.mutexWith and \n+            r1 in s.userRoles[u] and \n+            r2 in s.userRoles[u]\n+}\n+\n \n run baseline\n@@ -271,8 +286,11 @@\n run R1R2R3\n run R1R2R3R4\n \n+run MutexPossibleDuringEmergency\n+\n check assertMutexNegative\n-check assertMutexPositive\n check assertEmergencyPrivsOnlyDuringEmergency\n check assertEmergencyPrivsRevokedAtExit\n check assertDelegationRevokedAtEmergencyExit\n",
    "expected_impact": {
      "satToUnsat": [],
      "unsatToSat": [],
      "passToFail": [],
      "failToPass": []
    },
    "actual_impact": {
      "satToUnsat": [],
      "unsatToSat": [],
      "passToFail": [],
      "failToPass": []
    },
    "outcome_classification": "expected_improvement",
    "issue": "No issues",
    "syntax_error_context": null,
    "resolved_target_issue": true,
    "fix_pattern_detected": null,
    "is_reverted": false,
    "timestamp": "2026-06-08T20:19:23.427895"
  },
  {
    "iteration_id": 5,
    "model_file_location": "Output/AlloyModels/AlloyModel__5.als",
    "fix_intent": "No changes necessary; this is a confirmation that the previous update is correct and complete, as per evaluator feedback and requirement closure.",
    "source_ref": "Evaluator feedback: \"No further changes are required at this stage. All requirements are now covered with meaningful and nontrivial instances. Assertion coverage and possibility checks are appropriate and non-vacuous.\"",
    "current_result": {
      "syntax": "OK",
      "error_message": null,
      "satisfied_predicates": [
        "baseline",
        "R1R2R3R4",
        "R1R2",
        "R1R2R3",
        "All_Requirements",
        "R1",
        "MutexPossibleDuringEmergency"
      ],
      "unsatisfied_predicates": [],
      "counterexamples": [],
      "no_counterexample": [
        "assertMutexNegative",
        "assertEmergencyPrivsOnlyDuringEmergency",
        "assertEmergencyPrivsRevokedAtExit",
        "assertDelegationRevokedAtEmergencyExit",
        "assertDelegationRetainedAfterEmergencyIfNotDuring"
      ]
    },
    "previous_result": {
      "syntax": "OK",
      "error_message": null,
      "satisfied_predicates": [
        "baseline",
        "R1R2R3R4",
        "R1R2",
        "R1R2R3",
        "All_Requirements",
        "R1",
        "MutexPossibleDuringEmergency"
      ],
      "unsatisfied_predicates": [],
      "counterexamples": [],
      "no_counterexample": [
        "assertMutexNegative",
        "assertEmergencyPrivsOnlyDuringEmergency",
        "assertEmergencyPrivsRevokedAtExit",
        "assertDelegationRevokedAtEmergencyExit",
        "assertDelegationRetainedAfterEmergencyIfNotDuring"
      ]
    },
    "updated_lines": "",
    "expected_impact": {
      "satToUnsat": [],
      "unsatToSat": [],
      "passToFail": [],
      "failToPass": []
    },
    "actual_impact": {
      "satToUnsat": [],
      "unsatToSat": [],
      "passToFail": [],
      "failToPass": []
    },
    "outcome_classification": "expected_improvement",
    "issue": "No issues",
    "syntax_error_context": null,
    "resolved_target_issue": true,
    "fix_pattern_detected": null,
    "is_reverted": false,
    "timestamp": "2026-06-08T20:24:57.478103"
  },
  {
    "iteration_id": 6,
    "model_file_location": "Output/AlloyModels/AlloyModel__6.als",
    "fix_intent": "Update the model to enforce monotonic request status, correct request classification logic, enforce FIFO processing in Normal mode and priority by classification in Emergency, track request processors with clearance checks, restrict role assignments/delegations by clearance, require system always starts in Normal mode, ensure Emergency activation requires two admins, and make assigned roles persistent unless revoked.",
    "source_ref": "Evaluator feedback: \"Model does not enforce monotonic request status. Mode transition logic and initial state not implemented as required. Incorrect request classification logic. Clearance-based role assignment and request processing not enforced. Processor tracking missing for processed requests. Strengthen assertions for requirements coverage and role persistence.\"",
    "current_result": {
      "syntax": "Error",
      "error_message": "There are 1 possible tokens that can appear here:\nNAME\nSyntax error in /home/nati/autoRE/Output/AlloyModels/AlloyModel__6.als at line 6 column 11:",
      "satisfied_predicates": [],
      "unsatisfied_predicates": [],
      "counterexamples": [],
      "no_counterexample": []
    },
    "previous_result": {
      "syntax": "OK",
      "error_message": null,
      "satisfied_predicates": [
        "baseline",
        "R1R2R3R4",
        "R1R2",
        "R1R2R3",
        "All_Requirements",
        "R1",
        "MutexPossibleDuringEmergency"
      ],
      "unsatisfied_predicates": [],
      "counterexamples": [],
      "no_counterexample": [
        "assertMutexNegative",
        "assertEmergencyPrivsOnlyDuringEmergency",
        "assertEmergencyPrivsRevokedAtExit",
        "assertDelegationRevokedAtEmergencyExit",
        "assertDelegationRetainedAfterEmergencyIfNotDuring"
      ]
    },
    "updated_lines": "--- Output/AlloyModels/AlloyModel__5.als\t2026-06-08 20:24:57.476772836 -0500\n+++ Output/AlloyModels/AlloyModel__6.als\t2026-06-08 20:50:48.319263476 -0500\n@@ -1,4 +1,9 @@\n+\n+open util/ordering[State]\n+open util/seq as Seq\n \n \n@@ -8,15 +13,12 @@\n \n \n fun succClearance[c: Clearance]: set Clearance {\n     (c = Low) => Medium else\n     (c = Medium) => High else\n     none\n }\n \n pred leqClearance[c1, c2: Clearance] {\n     c1 = c2 or\n     (c1 = Low and (c2 = Medium or c2 = High)) or\n@@ -28,13 +30,11 @@\n     clearance: one Clearance\n }\n \n sig Administrator extends User {}\n \n sig Role {\n     minClearance: one Clearance,\n     mutexWith: set Role\n }\n \n@@ -49,9 +49,7 @@\n sig Request {\n     submitter: one User,\n-    targets: some Object,\n-    classification: one Clearance\n+    targets: some Object\n }\n \n@@ -59,7 +57,7 @@\n     role: one Role,\n     from: one User,\n     to: one User,\n-    duringEmergency: one Bool, // True if delegated during Emergency mode\n+    duringEmergency: one Bool // True if delegated during Emergency mode\n }\n \n@@ -70,7 +68,14 @@\n abstract sig Mode {}\n one sig Normal, Emergency extends Mode {}\n \n+\n+abstract sig RequestStatus {}\n+one sig Pending, Processed extends RequestStatus {}\n+\n+\n sig State {\n     mode: one Mode,\n@@ -79,18 +84,37 @@\n     userRoles: User -> Role,\n     emergencyPrivs: Administrator -> lone EmergencyPrivilege,\n-    pending: set Request,\n-    processed: set Request,\n+    reqStatus: Request -> lone RequestStatus,\n+    reqProcessor: Request -> lone User,\n     adminCredUpdated: Administrator -> lone Bool\n }\n \n-pred Next[s, s2: State] {}\n+\n+fun requestClassification[r: Request]: one Clearance {\n+    {c: Clearance | some o: r.targets | o.classification = c and\n+        no c2: Clearance | succClearance[c2] = c and some o2: r.targets | o2.classification = c2\n+    }\n+}\n+\n \n+fact InitialState {\n+    first.mode = Normal\n+    all r: Request | first.reqStatus[r] = Pending\n+    all r: Request | no first.reqProcessor[r]\n+    all a: Administrator | first.adminCredUpdated[a] = False\n+}\n+\n \n fact Structural {\n@@ -104,16 +128,111 @@\n     some r1, r2: Role | r1 != r2 and r2 in r1.mutexWith\n }\n \n+\n fact ModeExclusivity {\n     all s: State | one m: Mode | s.mode = m\n }\n \n+\n+fact RoleAssignmentClearance {\n+    all s: State, u: User, r: Role |\n+        r in s.userRoles[u] => leqClearance[r.minClearance, u.clearance]\n+}\n+\n fact DelegationClearance {\n     all d: Delegation | leqClearance[d.role.minClearance, d.to.clearance]\n }\n \n+fact RolePersistence {\n+    all s, s2: State | \n+        Next[s, s2] =>\n+            all u: User, r: Role |\n+                (r in s.userRoles[u] and not isRoleRevoked[s, s2, u, r]) => r in s2.userRoles[u]\n+}\n+\n+pred isRoleRevoked[s, s2: State, u: User, r: Role] {\n+    r in s.userRoles[u] and r not in s2.userRoles[u]\n+}\n+\n+\n+fact RequestStatusMonotonic {\n+    all s, s2: State, r: Request |\n+        Next[s, s2] =>\n+            (s.reqStatus[r] = Processed) => (s2.reqStatus[r] = Processed)\n+}\n+\n+\n+fact RequestProcessorClearance {\n+    all s: State, r: Request |\n+        s.reqStatus[r] = Processed and some s.reqProcessor[r] =>\n+            let proc = s.reqProcessor[r], rc = requestClassification[r] |\n+                (proc in User) and\n+                (some c1, c2: Clearance | proc.clearance = c1 and rc = c2 and\n+                    (c1 = High or (c1 = Medium and (rc = Medium or rc = Low)) or (c1 = Low and rc = Low))\n+                )\n+}\n+\n+\n+fun requestSeq: Seq/Seq[Request] {\n+    Seq/Seq[Request].fromSeq(Request)\n+}\n+\n+fact NormalModeFIFO {\n+    all s, s2: State |\n+        s.mode = Normal and s2.mode = Normal and Next[s, s2] =>\n+            let pendingSeq = [r: Request | s.reqStatus[r] = Pending] |\n+                all r: Request |\n+                    (s.reqStatus[r] = Pending and s2.reqStatus[r] = Processed) =>\n+                        r = firstPendingFIFO[s]\n+}\n+\n+fun firstPendingFIFO[s: State]: lone Request {\n+    {r: Request | s.reqStatus[r] = Pending and\n+        no r2: Request | s.reqStatus[r2] = Pending and precedes(r2, r)\n+    }\n+}\n+pred precedes(r1, r2: Request) {\n+    some r1' : Request | r1' = r1 and r2 in util/ordering[Request]/next[r1']\n+}\n+\n+fact EmergencyProcessingPriority {\n+    all s, s2: State |\n+        s.mode = Emergency and s2.mode = Emergency and Next[s, s2] =>\n+            let pending = {r: Request | s.reqStatus[r] = Pending} |\n+            let high = {r: Request | r in pending and requestClassification[r] = High} |\n+            let med = {r: Request | r in pending and requestClassification[r] = Medium} |\n+            let low = {r: Request | r in pending and requestClassification[r] = Low} |\n+            (\n+                (some high and all r: Request | (s.reqStatus[r] = Pending and s2.reqStatus[r] = Processed) => r in high) or\n+                (no high and some med and all r: Request | (s.reqStatus[r] = Pending and s2.reqStatus[r] = Processed) => r in med) or\n+                (no high and no med and some low and all r: Request | (s.reqStatus[r] = Pending and s2.reqStatus[r] = Processed) => r in low)\n+            )\n+}\n+\n+\n fact DelegationMutex {\n     all s: State |\n@@ -124,22 +243,19 @@\n                         not (r1 in s.userRoles[u] and r2 in s.userRoles[u])\n }\n \n \n fact EmergencyPrivsOnlyDuringEmergency {\n     all s: State | all a: Administrator |\n         some s.emergencyPrivs[a] implies s.mode = Emergency\n }\n \n fact EmergencyPrivsRevokedAtExit {\n     all s, s2: State |\n         s.mode = Emergency and s2.mode = Normal and Next[s, s2] =>\n             all a: Administrator | no s2.emergencyPrivs[a]\n }\n \n fact DelegationRevokedAtEmergencyExit {\n     all s, s2: State |\n         s.mode = Emergency and s2.mode = Normal and Next[s, s2] =>\n@@ -147,7 +263,6 @@\n                 d.duringEmergency = True => d not in s2.activeDelegations\n }\n \n fact DelegationRetainedAfterEmergencyIfNotDuring {\n     all s, s2: State |\n         s.mode = Emergency and s2.mode = Normal and Next[s, s2] =>\n@@ -155,23 +270,34 @@\n                 d.duringEmergency = False => (d in s2.activeDelegations iff d in s.activeDelegations)\n }\n \n+\n+fact EmergencyActivation {\n+    all s, s2: State |\n+        s.mode = Normal and s2.mode = Emergency and Next[s, s2] =>\n+            some a1, a2: Administrator | a1 != a2\n+}\n+\n+fact EmergencyDurationAndDeactivation {\n+    all s: State |\n+        s.mode = Emergency =>\n+            some s2: State | Next[s, s2] and s2.mode = Normal\n+}\n+\n \n pred R1 {\n-    some s, s2: State | \n-        s.mode = Normal and\n-        s2.mode = Emergency and\n-        Next[s, s2] and\n+    some s, s2: State |\n+        s.mode = Normal and s2.mode = Emergency and Next[s, s2] and\n         some a1, a2: Administrator | a1 != a2\n }\n \n pred R1R2 {\n     R1 and\n     all s: State |\n         s.mode = Emergency =>\n             some s2: State | Next[s, s2] and s2.mode = Normal\n@@ -183,24 +309,25 @@\n     all s: State |\n         s.mode = Emergency =>\n-            (all r: Request | \n-                (r.classification = High => r in s.processed or r in s.pending)\n+            let pending = {r: Request | s.reqStatus[r] = Pending} |\n+            let high = {r: Request | r in pending and requestClassification[r] = High} |\n+            some high implies (\n+                all r: Request | (s.reqStatus[r] = Pending and s.reqStatus[r] = Processed) => r in high\n             )\n     and\n     all s: State |\n         s.mode = Emergency =>\n             some u: User, r1, r2: Role | r1 != r2 and r2 in r1.mutexWith and r1 in s.userRoles[u] and r2 in s.userRoles[u]\n }\n \n pred R1R2R3R4 {\n     R1R2R3 and\n     all s, s2: State |\n         s.mode = Emergency and s2.mode = Normal and Next[s, s2] =>\n@@ -224,17 +351,6 @@\n                     not (r1 in s.userRoles[u] and r2 in s.userRoles[u])\n }\n \n-/*\n-assert assertMutexPositive {\n-    all s: State |\n-        s.mode = Emergency =>\n-            some u: User, r1, r2: Role |\n-                r2 in r1.mutexWith and r1 in s.userRoles[u] and r2 in s.userRoles[u]\n-}\n-*/\n-\n assert assertEmergencyPrivsOnlyDuringEmergency {\n     all s: State |\n@@ -265,6 +381,59 @@\n                 d.duringEmergency = False => (d in s2.activeDelegations iff d in s.activeDelegations)\n }\n \n+\n+assert assertRequestStatusMonotonic {\n+    all s, s2: State, r: Request |\n+        Next[s, s2] =>\n+            (s.reqStatus[r] = Processed) => (s2.reqStatus[r] = Processed)\n+}\n+\n+assert assertNormalModeFIFO {\n+    all s, s2: State |\n+        s.mode = Normal and s2.mode = Normal and Next[s, s2] =>\n+            let pending = [r: Request | s.reqStatus[r] = Pending] |\n+            let first = firstPendingFIFO[s] |\n+            all r: Request |\n+                (s.reqStatus[r] = Pending and s2.reqStatus[r] = Processed) => r = first\n+}\n+\n+assert assertEmergencyProcessingPriority {\n+    all s, s2: State |\n+        s.mode = Emergency and s2.mode = Emergency and Next[s, s2] =>\n+            let pending = {r: Request | s.reqStatus[r] = Pending} |\n+            let high = {r: Request | r in pending and requestClassification[r] = High} |\n+            let med = {r: Request | r in pending and requestClassification[r] = Medium} |\n+            let low = {r: Request | r in pending and requestClassification[r] = Low} |\n+            (\n+                (some high and all r: Request | (s.reqStatus[r] = Pending and s2.reqStatus[r] = Processed) => r in high) or\n+                (no high and some med and all r: Request | (s.reqStatus[r] = Pending and s2.reqStatus[r] = Processed) => r in med) or\n+                (no high and no med and some low and all r: Request | (s.reqStatus[r] = Pending and s2.reqStatus[r] = Processed) => r in low)\n+            )\n+}\n+\n+assert assertRequestProcessorClearance {\n+    all s: State, r: Request |\n+        s.reqStatus[r] = Processed and some s.reqProcessor[r] =>\n+            let proc = s.reqProcessor[r], rc = requestClassification[r] |\n+                (proc in User) and\n+                (some c1, c2: Clearance | proc.clearance = c1 and rc = c2 and\n+                    (c1 = High or (c1 = Medium and (rc = Medium or rc = Low)) or (c1 = Low and rc = Low))\n+                )\n+}\n+\n+assert assertRoleAssignmentClearance {\n+    all s: State, u: User, r: Role |\n+        r in s.userRoles[u] => leqClearance[r.minClearance, u.clearance]\n+}\n+\n+assert assertRolePersistence {\n+    all s, s2: State | \n+        Next[s, s2] =>\n+            all u: User, r: Role |\n+                (r in s.userRoles[u] and not isRoleRevoked[s, s2, u, r]) => r in s2.userRoles[u]\n+}\n+\n \n@@ -286,12 +455,16 @@\n run R1R2R3\n run R1R2R3R4\n \n run MutexPossibleDuringEmergency\n \n check assertMutexNegative\n check assertEmergencyPrivsOnlyDuringEmergency\n check assertEmergencyPrivsRevokedAtExit\n check assertDelegationRevokedAtEmergencyExit\n-check assertDelegationRetainedAfterEmergencyIfNotDuring\n\\ No newline at end of file\n+check assertDelegationRetainedAfterEmergencyIfNotDuring\n+check assertRequestStatusMonotonic\n+check assertNormalModeFIFO\n+check assertEmergencyProcessingPriority\n+check assertRequestProcessorClearance\n+check assertRoleAssignmentClearance\n+check assertRolePersistence\n\\ No newline at end of file\n",
    "expected_impact": {
      "satToUnsat": [],
      "unsatToSat": [],
      "passToFail": [],
      "failToPass": []
    },
    "actual_impact": {
      "satToUnsat": [],
      "unsatToSat": [],
      "passToFail": [
        "assertDelegationRetainedAfterEmergencyIfNotDuring",
        "assertEmergencyPrivsRevokedAtExit",
        "assertEmergencyPrivsOnlyDuringEmergency",
        "assertMutexNegative",
        "assertDelegationRevokedAtEmergencyExit"
      ],
      "failToPass": []
    },
    "outcome_classification": "pending",
    "issue": "syntax error at line 6 (open statement)",
    "syntax_error_context": "There are 1 possible tokens that can appear here:\nNAME\nSyntax error in /home/nati/autoRE/Output/AlloyModels/AlloyModel__6.als at line 6 column 11:",
    "resolved_target_issue": true,
    "fix_pattern_detected": null,
    "is_reverted": false,
    "timestamp": "2026-06-08T20:50:48.320664"
  },
  {
    "iteration_id": 7,
    "model_file_location": "Output/AlloyModels/AlloyModel__7.als",
    "fix_intent": "Remove the invalid open util/seq as Seq statement to resolve Alloy 6 syntax error while keeping the rest of the model unchanged.",
    "source_ref": "Evaluator feedback: \"open util/seq as Seq is not valid in Alloy 6... delete or comment out the line.\"",
    "current_result": {
      "syntax": "Error",
      "error_message": "There are 37 possible tokens that can appear here:\n! # ( * @ Int NAME NUMBER STRING String ^ after all always before disj eventually fun historically iden int let lone no none once one pred seq set some steps sum this univ { ~\nSyntax error in /home/nati/autoRE/Output/AlloyModels/AlloyModel__7.als at line 196 column 30:",
      "satisfied_predicates": [],
      "unsatisfied_predicates": [],
      "counterexamples": [],
      "no_counterexample": []
    },
    "previous_result": {
      "syntax": "Error",
      "error_message": "There are 1 possible tokens that can appear here:\nNAME\nSyntax error in /home/nati/autoRE/Output/AlloyModels/AlloyModel__6.als at line 6 column 11:",
      "satisfied_predicates": [],
      "unsatisfied_predicates": [],
      "counterexamples": [],
      "no_counterexample": []
    },
    "updated_lines": "--- Output/AlloyModels/AlloyModel__6.als\t2026-06-08 20:50:48.319263476 -0500\n+++ Output/AlloyModels/AlloyModel__7.als\t2026-06-08 20:52:05.776961328 -0500\n@@ -3,7 +3,7 @@\n \n open util/ordering[State]\n-open util/seq as Seq\n \n \n@@ -186,10 +186,7 @@\n \n-fun requestSeq: Seq/Seq[Request] {\n-    Seq/Seq[Request].fromSeq(Request)\n-}\n+fun requestSeq: univ { none } // Dummy, since util/seq is not available\n \n fact NormalModeFIFO {\n",
    "expected_impact": {
      "satToUnsat": [],
      "unsatToSat": [],
      "passToFail": [],
      "failToPass": []
    },
    "actual_impact": {
      "satToUnsat": [],
      "unsatToSat": [],
      "passToFail": [],
      "failToPass": []
    },
    "outcome_classification": "pending",
    "issue": "syntax error at line 196 in fact NormalModeFIFO",
    "syntax_error_context": "There are 37 possible tokens that can appear here:\n! # ( * @ Int NAME NUMBER STRING String ^ after all always before disj eventually fun historically iden int let lone no none once one pred seq set some steps sum this univ { ~\nSyntax error in /home/nati/autoRE/Output/AlloyModels/AlloyModel__7.als at line 196 column 30:",
    "resolved_target_issue": true,
    "fix_pattern_detected": null,
    "is_reverted": false,
    "timestamp": "2026-06-08T20:52:05.778065"
  },
  {
    "iteration_id": 8,
    "model_file_location": "Output/AlloyModels/AlloyModel__8.als",
    "fix_intent": "Replace all set comprehension expressions written with square brackets [ ] in let-bindings and other contexts with curly braces { } as required by Alloy 6 syntax, to resolve syntax errors and ensure set comprehensions are Alloy 6 compliant.",
    "source_ref": "Evaluator feedback: \"The syntax error at line 196, column 30 is caused by the use of square brackets [ ] for set comprehension, specifically let pendingSeq = [r: Request | s.reqStatus[r] = Pending] |. In Alloy 6, set comprehensions must use curly braces { }, not square brackets...\"",
    "current_result": {
      "syntax": "Error",
      "error_message": "There are 1 possible tokens that can appear here:\n}\nSyntax error in /home/nati/autoRE/Output/AlloyModels/AlloyModel__8.als at line 205 column 64:",
      "satisfied_predicates": [],
      "unsatisfied_predicates": [],
      "counterexamples": [],
      "no_counterexample": []
    },
    "previous_result": {
      "syntax": "Error",
      "error_message": "There are 37 possible tokens that can appear here:\n! # ( * @ Int NAME NUMBER STRING String ^ after all always before disj eventually fun historically iden int let lone no none once one pred seq set some steps sum this univ { ~\nSyntax error in /home/nati/autoRE/Output/AlloyModels/AlloyModel__7.als at line 196 column 30:",
      "satisfied_predicates": [],
      "unsatisfied_predicates": [],
      "counterexamples": [],
      "no_counterexample": []
    },
    "updated_lines": "--- Output/AlloyModels/AlloyModel__7.als\t2026-06-08 20:52:05.776961328 -0500\n+++ Output/AlloyModels/AlloyModel__8.als\t2026-06-08 20:53:09.506220583 -0500\n@@ -193,7 +193,7 @@\n     all s, s2: State |\n         s.mode = Normal and s2.mode = Normal and Next[s, s2] =>\n-            let pendingSeq = [r: Request | s.reqStatus[r] = Pending] |\n+            let pendingSeq = {r: Request | s.reqStatus[r] = Pending} |\n                 all r: Request |\n                     (s.reqStatus[r] = Pending and s2.reqStatus[r] = Processed) =>\n                         r = firstPendingFIFO[s]\n@@ -389,7 +389,7 @@\n assert assertNormalModeFIFO {\n     all s, s2: State |\n         s.mode = Normal and s2.mode = Normal and Next[s, s2] =>\n-            let pending = [r: Request | s.reqStatus[r] = Pending] |\n+            let pending = {r: Request | s.reqStatus[r] = Pending} |\n             let first = firstPendingFIFO[s] |\n             all r: Request |\n                 (s.reqStatus[r] = Pending and s2.reqStatus[r] = Processed) => r = first\n",
    "expected_impact": {
      "satToUnsat": [],
      "unsatToSat": [],
      "passToFail": [],
      "failToPass": []
    },
    "actual_impact": {
      "satToUnsat": [],
      "unsatToSat": [],
      "passToFail": [],
      "failToPass": []
    },
    "outcome_classification": "pending",
    "issue": "syntax error at line 205 in fun firstPendingFIFO",
    "syntax_error_context": "There are 1 possible tokens that can appear here:\n}\nSyntax error in /home/nati/autoRE/Output/AlloyModels/AlloyModel__8.als at line 205 column 64:",
    "resolved_target_issue": true,
    "fix_pattern_detected": null,
    "is_reverted": false,
    "timestamp": "2026-06-08T20:53:09.507308"
  },
  {
    "iteration_id": 9,
    "model_file_location": "Output/AlloyModels/AlloyModel__9.als",
    "fix_intent": "Rewrite the firstPendingFIFO function to use '=' and return the set comprehension directly, removing curly braces from the function body, to comply with Alloy 6 function definition syntax.",
    "source_ref": "Evaluator feedback: \"The syntax error at line 205, column 64, occurs because the function body of firstPendingFIFO is written using curly braces... In Alloy 6, functions must return a single expression, and if a set comprehension is intended, it must be used as the return value directly without wrapping the function body in curly braces.\"",
    "current_result": {
      "syntax": "Error",
      "error_message": "There are 1 possible tokens that can appear here:\n{\nSyntax error in /home/nati/autoRE/Output/AlloyModels/AlloyModel__9.als at line 209 column 1:",
      "satisfied_predicates": [],
      "unsatisfied_predicates": [],
      "counterexamples": [],
      "no_counterexample": []
    },
    "previous_result": {
      "syntax": "Error",
      "error_message": "There are 1 possible tokens that can appear here:\n}\nSyntax error in /home/nati/autoRE/Output/AlloyModels/AlloyModel__8.als at line 205 column 64:",
      "satisfied_predicates": [],
      "unsatisfied_predicates": [],
      "counterexamples": [],
      "no_counterexample": []
    },
    "updated_lines": "--- Output/AlloyModels/AlloyModel__8.als\t2026-06-08 20:53:09.506220583 -0500\n+++ Output/AlloyModels/AlloyModel__9.als\t2026-06-08 20:54:09.665584866 -0500\n@@ -200,13 +200,13 @@\n }\n \n-fun firstPendingFIFO[s: State]: lone Request {\n-    {r: Request | s.reqStatus[r] = Pending and\n-        no r2: Request | s.reqStatus[r2] = Pending and precedes(r2, r)\n+fun firstPendingFIFO[s: State]: lone Request =\n+    { r: Request | s.reqStatus[r] = Pending and\n+      no r2: Request | s.reqStatus[r2] = Pending and precedes[r2, r]\n     }\n-}\n+\n-pred precedes(r1, r2: Request) {\n+pred precedes[r1, r2: Request] {\n     some r1' : Request | r1' = r1 and r2 in util/ordering[Request]/next[r1']\n }\n",
    "expected_impact": {
      "satToUnsat": [],
      "unsatToSat": [],
      "passToFail": [],
      "failToPass": []
    },
    "actual_impact": {
      "satToUnsat": [],
      "unsatToSat": [],
      "passToFail": [],
      "failToPass": []
    },
    "outcome_classification": "pending",
    "issue": "syntax error at line 209 in pred precedes",
    "syntax_error_context": "There are 1 possible tokens that can appear here:\n{\nSyntax error in /home/nati/autoRE/Output/AlloyModels/AlloyModel__9.als at line 209 column 1:",
    "resolved_target_issue": true,
    "fix_pattern_detected": null,
    "is_reverted": false,
    "timestamp": "2026-06-08T20:54:09.666662"
  },
  {
    "iteration_id": 10,
    "model_file_location": "Output/AlloyModels/AlloyModel__10.als",
    "fix_intent": "Declare the missing Next predicate as a stub to resolve Alloy 6 syntax errors and unblock parsing (as per evaluator feedback).",
    "source_ref": "Evaluator feedback: \"Explicitly declare the Next predicate so that all references to Next are resolved and the parser maintains correct block context.\"",
    "current_result": {
      "syntax": "Error",
      "error_message": "There are 1 possible tokens that can appear here:\n{\nSyntax error in /home/nati/autoRE/Output/AlloyModels/AlloyModel__10.als at line 212 column 1:",
      "satisfied_predicates": [],
      "unsatisfied_predicates": [],
      "counterexamples": [],
      "no_counterexample": []
    },
    "previous_result": {
      "syntax": "Error",
      "error_message": "There are 1 possible tokens that can appear here:\n{\nSyntax error in /home/nati/autoRE/Output/AlloyModels/AlloyModel__9.als at line 209 column 1:",
      "satisfied_predicates": [],
      "unsatisfied_predicates": [],
      "counterexamples": [],
      "no_counterexample": []
    },
    "updated_lines": "--- Output/AlloyModels/AlloyModel__9.als\t2026-06-08 20:54:09.665584866 -0500\n+++ Output/AlloyModels/AlloyModel__10.als\t2026-06-08 21:05:44.617827157 -0500\n@@ -92,6 +92,9 @@\n     adminCredUpdated: Administrator -> lone Bool\n }\n \n+pred Next[s, s2: State] {}\n+\n \n fun requestClassification[r: Request]: one Clearance {\n",
    "expected_impact": {
      "satToUnsat": [],
      "unsatToSat": [],
      "passToFail": [],
      "failToPass": []
    },
    "actual_impact": {
      "satToUnsat": [],
      "unsatToSat": [],
      "passToFail": [],
      "failToPass": []
    },
    "outcome_classification": "pending",
    "issue": "syntax error at line 212 in pred precedes",
    "syntax_error_context": "There are 1 possible tokens that can appear here:\n{\nSyntax error in /home/nati/autoRE/Output/AlloyModels/AlloyModel__10.als at line 212 column 1:",
    "resolved_target_issue": false,
    "fix_pattern_detected": "1 previous fix attempt for this issue has failed",
    "is_reverted": false,
    "timestamp": "2026-06-08T21:05:44.619242"
  }
]