[
  {
    "iteration_id": 0,
    "model_file_location": "Output/AlloyModels/AlloyModel__0.als",
    "fix_intent": "Initial model creation",
    "source_ref": "Initial build",
    "current_result": {
      "syntax": "Error",
      "error_message": "There are 3 possible tokens that can appear here:\n,  : =\nSyntax error in /home/nati/autoRE/Output/AlloyModels/AlloyModel__0.als at line 74 column 15:",
      "satisfied_predicates": [],
      "unsatisfied_predicates": [],
      "counterexamples": [],
      "no_counterexample": []
    },
    "previous_result": null,
    "updated_lines": "",
    "expected_impact": {
      "satToUnsat": [],
      "unsatToSat": [],
      "passToFail": [],
      "failToPass": []
    },
    "actual_impact": null,
    "outcome_classification": "pending",
    "issue": "syntax error at line 74 in pred Next",
    "syntax_error_context": "There are 3 possible tokens that can appear here:\n,  : =\nSyntax error in /home/nati/autoRE/Output/AlloyModels/AlloyModel__0.als at line 74 column 15:",
    "resolved_target_issue": null,
    "fix_pattern_detected": null,
    "is_reverted": false,
    "evaluator_feedback": null,
    "timestamp": "2026-06-08T20:01:02.279648"
  },
  {
    "iteration_id": 1,
    "model_file_location": "Output/AlloyModels/AlloyModel__1.als",
    "fix_intent": "Rename the parameter \"s'\" to a valid Alloy 6 identifier (e.g., \"s2\") in the Next predicate and update all corresponding uses throughout the model, to resolve Alloy 6 syntax errors related to the use of a prime in identifiers.",
    "source_ref": "Evaluator feedback: syntax error from use of \"s'\" as an identifier in Alloy 6 (predicate Next and all usage points).",
    "current_result": {
      "syntax": "Error",
      "error_message": "This must be an integer expression.\nInstead, it has the following possible type(s):\n{this/Clearance}",
      "satisfied_predicates": [],
      "unsatisfied_predicates": [],
      "counterexamples": [],
      "no_counterexample": []
    },
    "previous_result": {
      "syntax": "Error",
      "error_message": "There are 3 possible tokens that can appear here:\n,  : =\nSyntax error in /home/nati/autoRE/Output/AlloyModels/AlloyModel__0.als at line 74 column 15:",
      "satisfied_predicates": [],
      "unsatisfied_predicates": [],
      "counterexamples": [],
      "no_counterexample": []
    },
    "updated_lines": "Initial model (no previous version to compare)",
    "expected_impact": {
      "satToUnsat": [],
      "unsatToSat": [],
      "passToFail": [],
      "failToPass": []
    },
    "actual_impact": {
      "satToUnsat": [],
      "unsatToSat": [],
      "passToFail": [],
      "failToPass": []
    },
    "outcome_classification": "pending",
    "issue": "syntax error at line 97 in fact DelegationClearance",
    "syntax_error_context": "This must be an integer expression.\nInstead, it has the following possible type(s):\n{this/Clearance}",
    "resolved_target_issue": true,
    "fix_pattern_detected": null,
    "is_reverted": false,
    "evaluator_feedback": null,
    "timestamp": "2026-06-08T20:01:59.280833"
  },
  {
    "iteration_id": 2,
    "model_file_location": "Output/AlloyModels/AlloyModel__2.als",
    "fix_intent": "Replace the invalid clearance comparison using '>=' between Clearance signature values with an explicit ordering and a leqClearance predicate, and revise all uses according to Alloy 6 rules for signature ordering.",
    "source_ref": "Evaluator feedback: \"The error arises because in Alloy 6, the '>=' operator is defined only for integer expressions. In the fact DelegationClearance, the code attempts to compare two values of type Clearance (an abstract signature), not integers...\"",
    "current_result": {
      "syntax": "OK",
      "error_message": null,
      "satisfied_predicates": [
        "baseline",
        "R1R2R3R4",
        "R1R2",
        "R1R2R3",
        "All_Requirements",
        "R1"
      ],
      "unsatisfied_predicates": [],
      "counterexamples": [
        "assertEmergencyPrivsRevokedAtExit",
        "assertEmergencyPrivsOnlyDuringEmergency",
        "assertDelegationRetainedAfterEmergencyIfNotDuring",
        "assertDelegationRevokedAtEmergencyExit",
        "assertMutexPositive"
      ],
      "no_counterexample": [
        "assertMutexNegative"
      ]
    },
    "previous_result": {
      "syntax": "Error",
      "error_message": "This must be an integer expression.\nInstead, it has the following possible type(s):\n{this/Clearance}",
      "satisfied_predicates": [],
      "unsatisfied_predicates": [],
      "counterexamples": [],
      "no_counterexample": []
    },
    "updated_lines": "--- Output/AlloyModels/AlloyModel__1.als\t2026-06-08 20:01:59.280738075 -0500\n+++ Output/AlloyModels/AlloyModel__2.als\t2026-06-08 20:02:59.184862287 -0500\n@@ -6,6 +6,23 @@\n abstract sig Clearance {}\n one sig High, Medium, Low extends Clearance {}\n \n+\n+fun succClearance[c: Clearance]: set Clearance {\n+    (c = Low) => Medium else\n+    (c = Medium) => High else\n+    none\n+}\n+\n+pred leqClearance[c1, c2: Clearance] {\n+    c1 = c2 or\n+    (c1 = Low and (c2 = Medium or c2 = High)) or\n+    (c1 = Medium and c2 = High)\n+}\n+\n sig User {\n     clearance: one Clearance\n@@ -94,7 +111,7 @@\n \n fact DelegationClearance {\n-    all d: Delegation | d.to.clearance >= d.role.minClearance\n+    all d: Delegation | leqClearance[d.role.minClearance, d.to.clearance]\n }\n \n fact DelegationMutex {\n",
    "expected_impact": {
      "satToUnsat": [],
      "unsatToSat": [],
      "passToFail": [],
      "failToPass": []
    },
    "actual_impact": {
      "satToUnsat": [],
      "unsatToSat": [],
      "passToFail": [],
      "failToPass": [
        "assertMutexNegative"
      ]
    },
    "outcome_classification": "unintended_regression",
    "issue": "counterexample: unknown, unknown, unknown, unknown, unknown",
    "syntax_error_context": null,
    "resolved_target_issue": true,
    "fix_pattern_detected": null,
    "is_reverted": false,
    "evaluator_feedback": null,
    "timestamp": "2026-06-08T20:02:59.186067"
  },
  {
    "iteration_id": 3,
    "model_file_location": "Output/AlloyModels/AlloyModel__3.als",
    "fix_intent": "Promote EmergencyPrivilege and delegation revocation/retention requirements from predicates to global facts, ensuring global enforcement of these constraints as required for assertion soundness and system correctness.",
    "source_ref": "Evaluator feedback: \"The model needs these constraints as global facts, not just as predicates. Add global facts to enforce EmergencyPrivilege and delegation behavior...\"",
    "current_result": {
      "syntax": "OK",
      "error_message": null,
      "satisfied_predicates": [
        "baseline",
        "R1R2R3R4",
        "R1R2",
        "R1R2R3",
        "All_Requirements",
        "R1"
      ],
      "unsatisfied_predicates": [],
      "counterexamples": [
        "assertMutexPositive"
      ],
      "no_counterexample": [
        "assertMutexNegative",
        "assertEmergencyPrivsOnlyDuringEmergency",
        "assertEmergencyPrivsRevokedAtExit",
        "assertDelegationRevokedAtEmergencyExit",
        "assertDelegationRetainedAfterEmergencyIfNotDuring"
      ]
    },
    "previous_result": {
      "syntax": "OK",
      "error_message": null,
      "satisfied_predicates": [
        "baseline",
        "R1R2R3R4",
        "R1R2",
        "R1R2R3",
        "All_Requirements",
        "R1"
      ],
      "unsatisfied_predicates": [],
      "counterexamples": [
        "assertEmergencyPrivsRevokedAtExit",
        "assertEmergencyPrivsOnlyDuringEmergency",
        "assertDelegationRetainedAfterEmergencyIfNotDuring",
        "assertDelegationRevokedAtEmergencyExit",
        "assertMutexPositive"
      ],
      "no_counterexample": [
        "assertMutexNegative"
      ]
    },
    "updated_lines": "--- Output/AlloyModels/AlloyModel__2.als\t2026-06-08 20:02:59.184862287 -0500\n+++ Output/AlloyModels/AlloyModel__3.als\t2026-06-08 20:08:39.105279239 -0500\n@@ -124,6 +124,37 @@\n                         not (r1 in s.userRoles[u] and r2 in s.userRoles[u])\n }\n \n+\n+fact EmergencyPrivsOnlyDuringEmergency {\n+    all s: State | all a: Administrator |\n+        some s.emergencyPrivs[a] implies s.mode = Emergency\n+}\n+\n+fact EmergencyPrivsRevokedAtExit {\n+    all s, s2: State |\n+        s.mode = Emergency and s2.mode = Normal and Next[s, s2] =>\n+            all a: Administrator | no s2.emergencyPrivs[a]\n+}\n+\n+fact DelegationRevokedAtEmergencyExit {\n+    all s, s2: State |\n+        s.mode = Emergency and s2.mode = Normal and Next[s, s2] =>\n+            all d: Delegation |\n+                d.duringEmergency = True => d not in s2.activeDelegations\n+}\n+\n+fact DelegationRetainedAfterEmergencyIfNotDuring {\n+    all s, s2: State |\n+        s.mode = Emergency and s2.mode = Normal and Next[s, s2] =>\n+            all d: Delegation |\n+                d.duringEmergency = False => (d in s2.activeDelegations iff d in s.activeDelegations)\n+}\n+\n \n@@ -161,33 +192,16 @@\n         s.mode = Emergency =>\n             some u: User, r1, r2: Role | r1 != r2 and r2 in r1.mutexWith and r1 in s.userRoles[u] and r2 in s.userRoles[u]\n-    and\n-    all s: State |\n-        s.mode = Emergency =>\n-            all a: Administrator | some s.emergencyPrivs[a]\n }\n \n pred R1R2R3R4 {\n     R1R2R3 and\n-    all s, s2: State |\n-        s.mode = Emergency and s2.mode = Normal and Next[s, s2] =>\n-            all a: Administrator | no s2.emergencyPrivs[a]\n-    and\n-    all s, s2: State |\n-        s.mode = Emergency and s2.mode = Normal and Next[s, s2] =>\n-            all d: Delegation |\n-                d.duringEmergency = True => d not in s2.activeDelegations\n-    and\n-    all s, s2: State |\n-        s.mode = Emergency and s2.mode = Normal and Next[s, s2] =>\n-            all d: Delegation |\n-                d.duringEmergency = False => (d in s2.activeDelegations iff d in s.activeDelegations)\n-    and\n     all s, s2: State |\n         s.mode = Emergency and s2.mode = Normal and Next[s, s2] =>\n             all a: Administrator | s2.adminCredUpdated[a] = True\n",
    "expected_impact": {
      "satToUnsat": [],
      "unsatToSat": [],
      "passToFail": [],
      "failToPass": []
    },
    "actual_impact": {
      "satToUnsat": [],
      "unsatToSat": [],
      "passToFail": [],
      "failToPass": [
        "assertEmergencyPrivsOnlyDuringEmergency",
        "assertEmergencyPrivsRevokedAtExit",
        "assertDelegationRetainedAfterEmergencyIfNotDuring",
        "assertDelegationRevokedAtEmergencyExit"
      ]
    },
    "outcome_classification": "expected_improvement",
    "issue": "counterexample: unknown",
    "syntax_error_context": null,
    "resolved_target_issue": false,
    "fix_pattern_detected": "1 previous fix attempt for this issue has failed",
    "is_reverted": false,
    "evaluator_feedback": null,
    "timestamp": "2026-06-08T20:08:39.106608"
  },
  {
    "iteration_id": 4,
    "model_file_location": "Output/AlloyModels/AlloyModel__4.als",
    "fix_intent": "Replace the overstrong assertion assertMutexPositive (which incorrectly requires that a user must hold mutually exclusive roles in all Emergency states) with a possibility predicate and corresponding run command, so the model only checks that it is possible (not required) for a user to hold mutex roles during Emergency.",
    "source_ref": "Evaluator feedback: \"The assertion assertMutexPositive is too strong and overstates the requirements... Remove or comment out the current assertMutexPositive assertion. Replace it with a possibility check using a run predicate...\"",
    "current_result": {
      "syntax": "OK",
      "error_message": null,
      "satisfied_predicates": [
        "baseline",
        "R1R2R3R4",
        "R1R2",
        "R1R2R3",
        "All_Requirements",
        "R1",
        "MutexPossibleDuringEmergency"
      ],
      "unsatisfied_predicates": [],
      "counterexamples": [],
      "no_counterexample": [
        "assertMutexNegative",
        "assertEmergencyPrivsOnlyDuringEmergency",
        "assertEmergencyPrivsRevokedAtExit",
        "assertDelegationRevokedAtEmergencyExit",
        "assertDelegationRetainedAfterEmergencyIfNotDuring"
      ]
    },
    "previous_result": {
      "syntax": "OK",
      "error_message": null,
      "satisfied_predicates": [
        "baseline",
        "R1R2R3R4",
        "R1R2",
        "R1R2R3",
        "All_Requirements",
        "R1"
      ],
      "unsatisfied_predicates": [],
      "counterexamples": [
        "assertMutexPositive"
      ],
      "no_counterexample": [
        "assertMutexNegative",
        "assertEmergencyPrivsOnlyDuringEmergency",
        "assertEmergencyPrivsRevokedAtExit",
        "assertDelegationRevokedAtEmergencyExit",
        "assertDelegationRetainedAfterEmergencyIfNotDuring"
      ]
    },
    "updated_lines": "--- Output/AlloyModels/AlloyModel__3.als\t2026-06-08 20:08:39.105279239 -0500\n+++ Output/AlloyModels/AlloyModel__4.als\t2026-06-08 20:19:23.426353323 -0500\n@@ -224,6 +224,8 @@\n                     not (r1 in s.userRoles[u] and r2 in s.userRoles[u])\n }\n \n+/*\n assert assertMutexPositive {\n     all s: State |\n@@ -231,6 +233,7 @@\n             some u: User, r1, r2: Role |\n                 r2 in r1.mutexWith and r1 in s.userRoles[u] and r2 in s.userRoles[u]\n }\n+*/\n \n assert assertEmergencyPrivsOnlyDuringEmergency {\n@@ -262,6 +265,18 @@\n                 d.duringEmergency = False => (d in s2.activeDelegations iff d in s.activeDelegations)\n }\n \n+\n+pred MutexPossibleDuringEmergency {\n+    some s: State | \n+        s.mode = Emergency and \n+        some u: User, r1, r2: Role | \n+            r2 in r1.mutexWith and \n+            r1 in s.userRoles[u] and \n+            r2 in s.userRoles[u]\n+}\n+\n \n run baseline\n@@ -271,8 +286,11 @@\n run R1R2R3\n run R1R2R3R4\n \n+run MutexPossibleDuringEmergency\n+\n check assertMutexNegative\n-check assertMutexPositive\n check assertEmergencyPrivsOnlyDuringEmergency\n check assertEmergencyPrivsRevokedAtExit\n check assertDelegationRevokedAtEmergencyExit\n",
    "expected_impact": {
      "satToUnsat": [],
      "unsatToSat": [],
      "passToFail": [],
      "failToPass": []
    },
    "actual_impact": {
      "satToUnsat": [],
      "unsatToSat": [],
      "passToFail": [],
      "failToPass": []
    },
    "outcome_classification": "expected_improvement",
    "issue": "No issues",
    "syntax_error_context": null,
    "resolved_target_issue": true,
    "fix_pattern_detected": null,
    "is_reverted": false,
    "evaluator_feedback": null,
    "timestamp": "2026-06-08T20:19:23.427895"
  },
  {
    "iteration_id": 5,
    "model_file_location": "Output/AlloyModels/AlloyModel__5.als",
    "fix_intent": "No changes necessary; this is a confirmation that the previous update is correct and complete, as per evaluator feedback and requirement closure.",
    "source_ref": "Evaluator feedback: \"No further changes are required at this stage. All requirements are now covered with meaningful and nontrivial instances. Assertion coverage and possibility checks are appropriate and non-vacuous.\"",
    "current_result": {
      "syntax": "OK",
      "error_message": null,
      "satisfied_predicates": [
        "baseline",
        "R1R2R3R4",
        "R1R2",
        "R1R2R3",
        "All_Requirements",
        "R1",
        "MutexPossibleDuringEmergency"
      ],
      "unsatisfied_predicates": [],
      "counterexamples": [],
      "no_counterexample": [
        "assertMutexNegative",
        "assertEmergencyPrivsOnlyDuringEmergency",
        "assertEmergencyPrivsRevokedAtExit",
        "assertDelegationRevokedAtEmergencyExit",
        "assertDelegationRetainedAfterEmergencyIfNotDuring"
      ]
    },
    "previous_result": {
      "syntax": "OK",
      "error_message": null,
      "satisfied_predicates": [
        "baseline",
        "R1R2R3R4",
        "R1R2",
        "R1R2R3",
        "All_Requirements",
        "R1",
        "MutexPossibleDuringEmergency"
      ],
      "unsatisfied_predicates": [],
      "counterexamples": [],
      "no_counterexample": [
        "assertMutexNegative",
        "assertEmergencyPrivsOnlyDuringEmergency",
        "assertEmergencyPrivsRevokedAtExit",
        "assertDelegationRevokedAtEmergencyExit",
        "assertDelegationRetainedAfterEmergencyIfNotDuring"
      ]
    },
    "updated_lines": "",
    "expected_impact": {
      "satToUnsat": [],
      "unsatToSat": [],
      "passToFail": [],
      "failToPass": []
    },
    "actual_impact": {
      "satToUnsat": [],
      "unsatToSat": [],
      "passToFail": [],
      "failToPass": []
    },
    "outcome_classification": "expected_improvement",
    "issue": "No issues",
    "syntax_error_context": null,
    "resolved_target_issue": true,
    "fix_pattern_detected": null,
    "is_reverted": false,
    "evaluator_feedback": null,
    "timestamp": "2026-06-08T20:24:57.478103"
  },
  {
    "iteration_id": 9,
    "model_file_location": "Output/AlloyModels/AlloyModel__9.als",
    "fix_intent": "Model update",
    "source_ref": "RE Agent",
    "current_result": {
      "syntax": "Error",
      "error_message": "There are 1 possible tokens that can appear here:\n{\nSyntax error in /home/nati/autoRE/Output/AlloyModels/AlloyModel__9.als at line 209 column 1:",
      "satisfied_predicates": [],
      "unsatisfied_predicates": [],
      "counterexamples": [],
      "no_counterexample": []
    },
    "previous_result": null,
    "updated_lines": "",
    "expected_impact": {
      "satToUnsat": [],
      "unsatToSat": [],
      "passToFail": [],
      "failToPass": []
    },
    "actual_impact": null,
    "outcome_classification": "pending",
    "issue": "syntax error at line 209 in pred precedes",
    "syntax_error_context": "There are 1 possible tokens that can appear here:\n{\nSyntax error in /home/nati/autoRE/Output/AlloyModels/AlloyModel__9.als at line 209 column 1:",
    "resolved_target_issue": null,
    "fix_pattern_detected": null,
    "is_reverted": false,
    "evaluator_feedback": "```\n[DIAGNOSIS]:\nThe root cause of the syntax error at line 209 is that the function firstPendingFIFO is incorrectly defined using an assignment (=) followed by a set comprehension in curly braces { }, which is not valid syntax for Alloy 6 function bodies. Alloy 6 requires function bodies to be defined as a single expression, and when using a set comprehension as the body, it must be enclosed in parentheses, not curly braces, and the entire expression must directly follow the '='. The current function definition:\nfun firstPendingFIFO[s: State]: lone Request =\n    { r: Request | s.reqStatus[r] = Pending and\n      no r2: Request | s.reqStatus[r2] = Pending and precedes[r2, r]\n    }\n...is invalid because it uses curly braces and is not syntactically recognized as a function body. This malformed function body causes the parser to misinterpret the subsequent 'pred precedes' declaration, flagging an error at line 209.\n\n[FIX INTENT]:\nRefactor firstPendingFIFO to use valid Alloy 6 function body syntax by enclosing the set comprehension in parentheses.\n\n[REPAIR INSTRUCTIONS]:\n- Step 1: Locate the definition of firstPendingFIFO (currently at line 206).\n- Step 2: Replace the curly braces { ... } surrounding the set comprehension with parentheses ( ... ).\n- Step 3: Ensure the function body reads as:\n      fun firstPendingFIFO[s: State]: lone Request =\n          (r: Request | s.reqStatus[r] = Pending and\n           no r2: Request | s.reqStatus[r2] = Pending and precedes[r2, r])\n- Step 4: Remove any curly braces from the function body, and verify there is no trailing semicolon after the function, as Alloy 6 does not require one.\n\n[RATIONALE]:\nThis fix correctly applies Alloy 6 function syntax by using parentheses for the set comprehension, ensuring the parser can distinguish where the function ends and the next top-level declaration begins; it is distinct from failed strategies that may have left curly braces or attempted to move the function without fixing its body format.\n\n[LESSON]:\nWhen writing function definitions in Alloy 6, always use parentheses for set or relational comprehensions in the function body; curly braces are reserved for predicate and fact bodies.\n```",
    "timestamp": "2026-06-12T13:00:13.322746"
  },
  {
    "iteration_id": 10,
    "model_file_location": "Output/AlloyModels/AlloyModel__10.als",
    "fix_intent": "Correct the function firstPendingFIFO to use parentheses for the set comprehension in its body, as required by Alloy 6 syntax, rather than curly braces.",
    "source_ref": "Evaluator syntax repair instruction: function firstPendingFIFO uses invalid curly braces; must use parentheses for set comprehension body (lines 206–209).",
    "current_result": {
      "syntax": "Error",
      "error_message": "There are 1 possible tokens that can appear here:\n)\nSyntax error in /home/nati/autoRE/Output/AlloyModels/AlloyModel__10.als at line 204 column 7:",
      "satisfied_predicates": [],
      "unsatisfied_predicates": [],
      "counterexamples": [],
      "no_counterexample": []
    },
    "previous_result": {
      "syntax": "Error",
      "error_message": "There are 1 possible tokens that can appear here:\n{\nSyntax error in /home/nati/autoRE/Output/AlloyModels/AlloyModel__9.als at line 209 column 1:",
      "satisfied_predicates": [],
      "unsatisfied_predicates": [],
      "counterexamples": [],
      "no_counterexample": []
    },
    "updated_lines": "--- Output/AlloyModels/AlloyModel__9.als\t2026-06-11 12:52:28.692520273 -0500\n+++ Output/AlloyModels/AlloyModel__10.als\t2026-06-12 13:01:44.725953383 -0500\n@@ -201,9 +201,8 @@\n \n fun firstPendingFIFO[s: State]: lone Request =\n-    { r: Request | s.reqStatus[r] = Pending and\n-      no r2: Request | s.reqStatus[r2] = Pending and precedes[r2, r]\n-    }\n+    (r: Request | s.reqStatus[r] = Pending and\n+      no r2: Request | s.reqStatus[r2] = Pending and precedes[r2, r])\n \n pred precedes[r1, r2: Request] {\n",
    "expected_impact": {
      "satToUnsat": [],
      "unsatToSat": [],
      "passToFail": [],
      "failToPass": []
    },
    "actual_impact": {
      "satToUnsat": [],
      "unsatToSat": [],
      "passToFail": [],
      "failToPass": []
    },
    "outcome_classification": "pending",
    "issue": "syntax error at line 204 in fun firstPendingFIFO",
    "syntax_error_context": "There are 1 possible tokens that can appear here:\n)\nSyntax error in /home/nati/autoRE/Output/AlloyModels/AlloyModel__10.als at line 204 column 7:",
    "resolved_target_issue": true,
    "fix_pattern_detected": null,
    "is_reverted": false,
    "evaluator_feedback": "```\n[DIAGNOSIS]:\nThe syntax error arises because the function firstPendingFIFO's body attempts to use a quantified expression (r: Request | ...) directly as the return value without proper parenthesis or set braces. In Alloy 6, a function body defining a set or lone value via a comprehension must be enclosed in parentheses. The colon (:) after r is not valid outside a comprehension or a set expression. The parser is expecting a closing parenthesis, indicating that the comprehension syntax is incomplete.\n\n[FIX INTENT]:\nEnclose the set comprehension in parentheses to form a valid Alloy 6 expression as the function body.\n\n[REPAIR INSTRUCTIONS]:\n- Step 1: Locate the function definition for firstPendingFIFO at line 203.\n- Step 2: Replace the function body starting at line 204,\n    from:\n        (r: Request | s.reqStatus[r] = Pending and\n          no r2: Request | s.reqStatus[r2] = Pending and precedes[r2, r])\n    to:\n        (r: Request | s.reqStatus[r] = Pending and\n            no r2: Request | s.reqStatus[r2] = Pending and precedes[r2, r]\n        )\n    by wrapping the entire comprehension in parentheses:\n        ( (r: Request | s.reqStatus[r] = Pending and\n            no r2: Request | s.reqStatus[r2] = Pending and precedes[r2, r]\n          )\n        )\n\n[RATIONALE]:\nUsing parentheses to enclose the set/lone comprehension in the function body is required by Alloy 6 syntax for function definitions, and this approach avoids using curly braces or omitted enclosures that have caused similar errors in other contexts.\n\n[LESSON]:\nAlways enclose set or lone comprehensions in parentheses when using them as function bodies in Alloy 6; failing to do so leads to parsing errors due to ambiguous or incomplete comprehension syntax.\n```",
    "timestamp": "2026-06-12T13:01:44.727562"
  },
  {
    "iteration_id": 11,
    "model_file_location": "Output/AlloyModels/AlloyModel__11.als",
    "fix_intent": "Enclose the set comprehension in the firstPendingFIFO function body within parentheses to satisfy Alloy 6 syntax requirements for function definitions.",
    "source_ref": "Evaluator syntax repair instruction: function firstPendingFIFO at line 203 requires parentheses around the set comprehension.",
    "current_result": {
      "syntax": "Error",
      "error_message": "There are 1 possible tokens that can appear here:\n)\nSyntax error in /home/nati/autoRE/Output/AlloyModels/AlloyModel__11.als at line 205 column 11:",
      "satisfied_predicates": [],
      "unsatisfied_predicates": [],
      "counterexamples": [],
      "no_counterexample": []
    },
    "previous_result": {
      "syntax": "Error",
      "error_message": "There are 1 possible tokens that can appear here:\n)\nSyntax error in /home/nati/autoRE/Output/AlloyModels/AlloyModel__10.als at line 204 column 7:",
      "satisfied_predicates": [],
      "unsatisfied_predicates": [],
      "counterexamples": [],
      "no_counterexample": []
    },
    "updated_lines": "--- Output/AlloyModels/AlloyModel__10.als\t2026-06-12 13:01:44.725953383 -0500\n+++ Output/AlloyModels/AlloyModel__11.als\t2026-06-12 13:02:48.929334225 -0500\n@@ -201,8 +201,11 @@\n \n fun firstPendingFIFO[s: State]: lone Request =\n-    (r: Request | s.reqStatus[r] = Pending and\n-      no r2: Request | s.reqStatus[r2] = Pending and precedes[r2, r])\n+    (\n+        (r: Request | s.reqStatus[r] = Pending and\n+            no r2: Request | s.reqStatus[r2] = Pending and precedes[r2, r]\n+        )\n+    )\n \n pred precedes[r1, r2: Request] {\n",
    "expected_impact": {
      "satToUnsat": [],
      "unsatToSat": [],
      "passToFail": [],
      "failToPass": []
    },
    "actual_impact": {
      "satToUnsat": [],
      "unsatToSat": [],
      "passToFail": [],
      "failToPass": []
    },
    "outcome_classification": "pending",
    "issue": "syntax error at line 205 in fun firstPendingFIFO",
    "syntax_error_context": "There are 1 possible tokens that can appear here:\n)\nSyntax error in /home/nati/autoRE/Output/AlloyModels/AlloyModel__11.als at line 205 column 11:",
    "resolved_target_issue": false,
    "fix_pattern_detected": "1 previous fix attempt for this issue has failed",
    "is_reverted": false,
    "evaluator_feedback": "```\n[DIAGNOSIS]:\nThe root cause of the syntax error at line 205 is the use of a quantified expression (r: Request | ...) directly as the body of a function without using the correct Alloy 6 syntax for set comprehensions. In Alloy 6, function bodies must be a single expression, and set comprehensions must use curly braces { } instead of parentheses ( ). The current code incorrectly uses parentheses around a quantified set comprehension, which is not valid in Alloy 6. Previous failed fixes attempted to address this by enclosing the comprehension in parentheses, which does not resolve the Alloy 6 requirement for set comprehensions to use curly braces.\n\n[FIX INTENT]:\nReplace the parentheses-wrapped quantified set comprehension with a curly-brace set comprehension as required by Alloy 6 function syntax.\n\n[REPAIR INSTRUCTIONS]:\n- Step 1: Go to the definition of the function firstPendingFIFO at lines 203-208.\n- Step 2: Replace the entire function body, currently:\n    (\n        (r: Request | s.reqStatus[r] = Pending and\n            no r2: Request | s.reqStatus[r2] = Pending and precedes[r2, r]\n        )\n    )\n  with:\n    { r: Request | s.reqStatus[r] = Pending and\n        no r2: Request | s.reqStatus[r2] = Pending and precedes[r2, r]\n    }\n- Step 3: Ensure the function definition reads:\n    fun firstPendingFIFO[s: State]: lone Request {\n        r: Request | s.reqStatus[r] = Pending and\n            no r2: Request | s.reqStatus[r2] = Pending and precedes[r2, r]\n    }\n\n[RATIONALE]:\nThis fix uses the Alloy 6-compliant set comprehension syntax (curly braces) for function bodies, avoiding the invalid use of parentheses previously attempted, thereby matching Alloy 6's grammar rules for function expressions.\n\n[LESSON]:\nAlways use curly braces for set/lone/some comprehensions in Alloy 6 function bodies, and do not use parentheses or try to wrap quantified expressions in parens as in older Alloy versions.\n```",
    "timestamp": "2026-06-12T13:02:48.930727"
  },
  {
    "iteration_id": 12,
    "model_file_location": "Output/AlloyModels/AlloyModel__12.als",
    "fix_intent": "Fix the function firstPendingFIFO to use Alloy 6-compliant set comprehension syntax (curly braces) instead of parentheses, as required for function bodies.",
    "source_ref": "Evaluator syntax repair instruction: function firstPendingFIFO uses parentheses instead of curly braces for its set comprehension body.",
    "current_result": {
      "syntax": "Error",
      "error_message": "There are 38 possible tokens that can appear here:\n! # ( * @ Int NAME NUMBER STRING String ^ after all always before disj eventually fun historically iden int let lone no none once one pred seq set some steps sum this univ { } ~\nSyntax error in /home/nati/autoRE/Output/AlloyModels/AlloyModel__12.als at line 212 column 14:",
      "satisfied_predicates": [],
      "unsatisfied_predicates": [],
      "counterexamples": [],
      "no_counterexample": []
    },
    "previous_result": {
      "syntax": "Error",
      "error_message": "There are 1 possible tokens that can appear here:\n)\nSyntax error in /home/nati/autoRE/Output/AlloyModels/AlloyModel__11.als at line 205 column 11:",
      "satisfied_predicates": [],
      "unsatisfied_predicates": [],
      "counterexamples": [],
      "no_counterexample": []
    },
    "updated_lines": "--- Output/AlloyModels/AlloyModel__11.als\t2026-06-12 13:02:48.929334225 -0500\n+++ Output/AlloyModels/AlloyModel__12.als\t2026-06-12 13:03:51.112305990 -0500\n@@ -200,12 +200,11 @@\n }\n \n-fun firstPendingFIFO[s: State]: lone Request =\n-    (\n-        (r: Request | s.reqStatus[r] = Pending and\n-            no r2: Request | s.reqStatus[r2] = Pending and precedes[r2, r]\n-        )\n-    )\n+fun firstPendingFIFO[s: State]: lone Request {\n+    { r: Request | s.reqStatus[r] = Pending and\n+        no r2: Request | s.reqStatus[r2] = Pending and precedes[r2, r]\n+    }\n+}\n \n pred precedes[r1, r2: Request] {\n",
    "expected_impact": {
      "satToUnsat": [],
      "unsatToSat": [],
      "passToFail": [],
      "failToPass": []
    },
    "actual_impact": {
      "satToUnsat": [],
      "unsatToSat": [],
      "passToFail": [],
      "failToPass": []
    },
    "outcome_classification": "pending",
    "issue": "syntax error at line 212 in pred precedes",
    "syntax_error_context": "There are 38 possible tokens that can appear here:\n! # ( * @ Int NAME NUMBER STRING String ^ after all always before disj eventually fun historically iden int let lone no none once one pred seq set some steps sum this univ { } ~\nSyntax error in /home/nati/autoRE/Output/AlloyModels/AlloyModel__12.als at line 212 column 14:",
    "resolved_target_issue": true,
    "fix_pattern_detected": null,
    "is_reverted": false,
    "evaluator_feedback": "```\n[DIAGNOSIS]:\nThe error occurs at the line defining the pred precedes, specifically at the quantifier declaration some r1' : Request | ... . In Alloy 6, function and predicate bodies should use curly braces { ... } to delimit blocks, but in this case, the pred precedes uses a single expression without curly braces. Additionally, the body is a quantified expression, which Alloy 6 requires to be wrapped in curly braces within predicates. The parser expects the predicate body to be properly enclosed, so encountering a colon outside such a context leads to a syntax error.\n\n[FIX INTENT]:\nWrap the body of the precedes predicate in curly braces to conform to Alloy 6 predicate syntax.\n\n[REPAIR INSTRUCTIONS]:\n- Step 1: Locate the definition of pred precedes[r1, r2: Request].\n- Step 2: Enclose the entire body (the quantified expression) within curly braces { ... } so that the predicate reads:\n      pred precedes[r1, r2: Request] {\n          some r1' : Request | r1' = r1 and r2 in util/ordering[Request]/next[r1']\n      }\n- Step 3: Save and re-run the model to confirm the syntax error is resolved.\n\n[RATIONALE]:\nThis fix is Alloy 6 compliant because predicate bodies in Alloy 6 must be enclosed in curly braces, especially when the body is a quantified expression. This approach directly addresses the lack of braces rather than rewriting the quantifier or function, and is distinct from failed attempts that may have tried modifying the quantifier or function definitions themselves.\n\n[LESSON]:\nAlways ensure that predicate bodies, especially those involving quantifiers, are enclosed in curly braces in Alloy 6 to avoid parsing errors.\n```",
    "timestamp": "2026-06-12T13:03:51.113593"
  },
  {
    "iteration_id": 13,
    "model_file_location": "Output/AlloyModels/AlloyModel__13.als",
    "fix_intent": "Wrapped the body of the pred precedes in curly braces to conform to Alloy 6 predicate syntax, resolving the syntax error involving a missing block delimiter.",
    "source_ref": "Evaluator syntax repair instruction: pred precedes body not wrapped in curly braces; see \"[DIAGNOSIS]\" and \"[REPAIR INSTRUCTIONS]\".",
    "current_result": {
      "syntax": "Error",
      "error_message": "There are 38 possible tokens that can appear here:\n! # ( * @ Int NAME NUMBER STRING String ^ after all always before disj eventually fun historically iden int let lone no none once one pred seq set some steps sum this univ { } ~\nSyntax error in /home/nati/autoRE/Output/AlloyModels/AlloyModel__13.als at line 211 column 16:",
      "satisfied_predicates": [],
      "unsatisfied_predicates": [],
      "counterexamples": [],
      "no_counterexample": []
    },
    "previous_result": {
      "syntax": "Error",
      "error_message": "There are 38 possible tokens that can appear here:\n! # ( * @ Int NAME NUMBER STRING String ^ after all always before disj eventually fun historically iden int let lone no none once one pred seq set some steps sum this univ { } ~\nSyntax error in /home/nati/autoRE/Output/AlloyModels/AlloyModel__12.als at line 212 column 14:",
      "satisfied_predicates": [],
      "unsatisfied_predicates": [],
      "counterexamples": [],
      "no_counterexample": []
    },
    "updated_lines": "--- Output/AlloyModels/AlloyModel__12.als\t2026-06-12 13:03:51.112305990 -0500\n+++ Output/AlloyModels/AlloyModel__13.als\t2026-06-12 13:04:53.931852825 -0500\n@@ -208,8 +208,7 @@\n \n pred precedes[r1, r2: Request] {\n-    some r1' : Request | r1' = r1 and r2 in util/ordering[Request]/next[r1']\n+    { some r1' : Request | r1' = r1 and r2 in util/ordering[Request]/next[r1'] }\n }\n \n",
    "expected_impact": {
      "satToUnsat": [],
      "unsatToSat": [],
      "passToFail": [],
      "failToPass": []
    },
    "actual_impact": {
      "satToUnsat": [],
      "unsatToSat": [],
      "passToFail": [],
      "failToPass": []
    },
    "outcome_classification": "pending",
    "issue": "syntax error at line 211 in pred precedes",
    "syntax_error_context": "There are 38 possible tokens that can appear here:\n! # ( * @ Int NAME NUMBER STRING String ^ after all always before disj eventually fun historically iden int let lone no none once one pred seq set some steps sum this univ { } ~\nSyntax error in /home/nati/autoRE/Output/AlloyModels/AlloyModel__13.als at line 211 column 16:",
    "resolved_target_issue": false,
    "fix_pattern_detected": "1 previous fix attempt for this issue has failed",
    "is_reverted": false,
    "evaluator_feedback": "```\n[DIAGNOSIS]:\nThe syntax error at line 211 within the pred precedes arises because, in Alloy 6, predicate bodies must be a Boolean formula, not a set comprehension or block. The current body uses set comprehension syntax ({ some r1' : Request | ... }), which is only valid for function or expression definitions, not for predicate bodies. This is a misuse of Alloy's syntax rules for predicates. The curly braces and the set comprehension are invalid here, and the predicate should directly state a Boolean condition. The previous failed fix attempted to wrap the body in curly braces, which did not address the misuse of set comprehension in a predicate.\n\n[FIX INTENT]:\nReplace the set comprehension in the predicate body with a direct Boolean formula expressing the desired property.\n\n[REPAIR INSTRUCTIONS]:\n- Step 1: Go to the definition of pred precedes at lines 210-212.\n- Step 2: Replace the body \n      { some r1' : Request | r1' = r1 and r2 in util/ordering[Request]/next[r1'] }\n  with the direct Boolean formula:\n      r2 in util/ordering[Request]/next[r1]\n- Step 3: The corrected predicate should look like:\n      pred precedes[r1, r2: Request] {\n          r2 in util/ordering[Request]/next[r1]\n      }\n\n[RATIONALE]:\nThis fix correctly uses a Boolean formula in the predicate body, as required by Alloy 6, and avoids repeating the failed set comprehension approach; it is fully compliant with Alloy 6 predicate syntax.\n\n[LESSON]:\nAlways ensure predicate bodies in Alloy are Boolean formulas, not set comprehensions or blocks, and reserve set comprehensions for functions or expression definitions.\n```",
    "timestamp": "2026-06-12T13:04:53.932982"
  },
  {
    "iteration_id": 14,
    "model_file_location": "Output/AlloyModels/AlloyModel__14.als",
    "fix_intent": "Fix the syntax error in the definition of pred precedes by replacing the set comprehension with a direct Boolean formula, as Alloy 6 predicates require Boolean bodies.",
    "source_ref": "Evaluator syntax repair instruction: pred precedes body uses set comprehension instead of Boolean formula.",
    "current_result": {
      "syntax": "Error",
      "error_message": "There are 38 possible tokens that can appear here:\n! # ( * @ Int NAME NUMBER STRING String ^ after all always before disj eventually fun historically iden int let lone no none once one pred seq set some steps sum this univ { } ~\nSyntax error in /home/nati/autoRE/Output/AlloyModels/AlloyModel__14.als at line 211 column 33:",
      "satisfied_predicates": [],
      "unsatisfied_predicates": [],
      "counterexamples": [],
      "no_counterexample": []
    },
    "previous_result": {
      "syntax": "Error",
      "error_message": "There are 38 possible tokens that can appear here:\n! # ( * @ Int NAME NUMBER STRING String ^ after all always before disj eventually fun historically iden int let lone no none once one pred seq set some steps sum this univ { } ~\nSyntax error in /home/nati/autoRE/Output/AlloyModels/AlloyModel__13.als at line 211 column 16:",
      "satisfied_predicates": [],
      "unsatisfied_predicates": [],
      "counterexamples": [],
      "no_counterexample": []
    },
    "updated_lines": "--- Output/AlloyModels/AlloyModel__13.als\t2026-06-12 13:04:53.931852825 -0500\n+++ Output/AlloyModels/AlloyModel__14.als\t2026-06-12 13:06:28.323642090 -0500\n@@ -208,7 +208,7 @@\n \n pred precedes[r1, r2: Request] {\n-    { some r1' : Request | r1' = r1 and r2 in util/ordering[Request]/next[r1'] }\n+    r2 in util/ordering[Request]/next[r1]\n }\n \n",
    "expected_impact": {
      "satToUnsat": [],
      "unsatToSat": [],
      "passToFail": [],
      "failToPass": []
    },
    "actual_impact": {
      "satToUnsat": [],
      "unsatToSat": [],
      "passToFail": [],
      "failToPass": []
    },
    "outcome_classification": "pending",
    "issue": "syntax error at line 211 in pred precedes",
    "syntax_error_context": "There are 38 possible tokens that can appear here:\n! # ( * @ Int NAME NUMBER STRING String ^ after all always before disj eventually fun historically iden int let lone no none once one pred seq set some steps sum this univ { } ~\nSyntax error in /home/nati/autoRE/Output/AlloyModels/AlloyModel__14.als at line 211 column 33:",
    "resolved_target_issue": false,
    "fix_pattern_detected": "2 total fix attempts for this issue. Similar approach used 2 times: \"Wrapped the body of the pred precedes in curly braces to conform to Alloy 6 predicate syntax, resolving the syntax error involving a missing block delimiter.\"",
    "is_reverted": false,
    "evaluator_feedback": "```\n[DIAGNOSIS]:\nThe syntax error at line 211 is triggered by the use of a module-qualified signature reference (\"util/ordering[Request]/next\") as if it were a relation, which is not valid in Alloy 6. In Alloy 6, when you open a parameterized module like \"util/ordering[State]\", it only brings into scope the ordering for the type you specified (State), not for other types. There is no \"util/ordering[Request]\" in scope, so \"util/ordering[Request]/next\" is not a valid reference. The error arises because the code tries to use the ordering module for Request, but it was not opened or defined for Request anywhere in the model.\n\n[FIX INTENT]:\nExplicitly open the util/ordering module for Request to bring \"next\" and other ordering relations for Request into scope.\n\n[REPAIR INSTRUCTIONS]:\n- Step 1: At the top of your Alloy model, add the line: open util/ordering[Request]\n- Step 2: In the definition of pred precedes, replace \"util/ordering[Request]/next[r1]\" with simply \"next[r1]\" since \"next\" will now be in scope for Request.\n- Step 3: Review any other usage of \"util/ordering[Request]\" throughout the model and replace with \"next\", \"first\", etc., as brought into scope by the new open statement.\n\n[RATIONALE]:\nThis fix is compliant with Alloy 6 syntax, as it correctly brings the ordering relations for Request into scope and avoids using module-qualified references, which are not valid in Alloy 6; this approach is different from previous failed fixes, which only addressed block delimiters and body forms without addressing the missing module import.\n\n[LESSON]:\nWhen using ordering predicates or relations for multiple types in Alloy 6, each type must have its own explicit \"open util/ordering[Type]\" statement; otherwise, references to those relations will cause syntax errors.\n```",
    "timestamp": "2026-06-12T13:06:28.324675"
  },
  {
    "iteration_id": 15,
    "model_file_location": "Output/AlloyModels/AlloyModel__15.als",
    "fix_intent": "Explicitly open util/ordering[Request] and update the precedes predicate to use next[r1] instead of util/ordering[Request]/next[r1], to resolve the Alloy 6 syntax error regarding ordering on Request.",
    "source_ref": "Evaluator syntax repair instruction: model uses \"util/ordering[Request]/next[r1]\" without opening util/ordering[Request]; must open ordering for Request and use \"next\" in scope.",
    "current_result": {
      "syntax": "Error",
      "error_message": "The name \"Next\" cannot be found.\nSyntax error in /home/nati/autoRE/Output/AlloyModels/AlloyModel__15.als at line 292 column 53:\nThe name \"Next\" cannot be found.",
      "satisfied_predicates": [],
      "unsatisfied_predicates": [],
      "counterexamples": [],
      "no_counterexample": []
    },
    "previous_result": {
      "syntax": "Error",
      "error_message": "There are 38 possible tokens that can appear here:\n! # ( * @ Int NAME NUMBER STRING String ^ after all always before disj eventually fun historically iden int let lone no none once one pred seq set some steps sum this univ { } ~\nSyntax error in /home/nati/autoRE/Output/AlloyModels/AlloyModel__14.als at line 211 column 33:",
      "satisfied_predicates": [],
      "unsatisfied_predicates": [],
      "counterexamples": [],
      "no_counterexample": []
    },
    "updated_lines": "--- Output/AlloyModels/AlloyModel__14.als\t2026-06-12 13:06:28.323642090 -0500\n+++ Output/AlloyModels/AlloyModel__15.als\t2026-06-12 13:07:45.715324144 -0500\n@@ -3,7 +3,8 @@\n \n open util/ordering[State]\n+open util/ordering[Request]\n \n \n@@ -208,7 +209,7 @@\n \n pred precedes[r1, r2: Request] {\n-    r2 in util/ordering[Request]/next[r1]\n+    r2 in next[r1]\n }\n \n",
    "expected_impact": {
      "satToUnsat": [],
      "unsatToSat": [],
      "passToFail": [],
      "failToPass": []
    },
    "actual_impact": {
      "satToUnsat": [],
      "unsatToSat": [],
      "passToFail": [],
      "failToPass": []
    },
    "outcome_classification": "pending",
    "issue": "syntax error at line 292 in pred R1",
    "syntax_error_context": "The name \"Next\" cannot be found.\nSyntax error in /home/nati/autoRE/Output/AlloyModels/AlloyModel__15.als at line 292 column 53:\nThe name \"Next\" cannot be found.",
    "resolved_target_issue": true,
    "fix_pattern_detected": null,
    "is_reverted": false,
    "evaluator_feedback": "```\n[DIAGNOSIS]:\nThe error \"The name 'Next' cannot be found\" at line 292 occurs because the relation or predicate Next[s, s2] is referenced in multiple places, but it is never defined anywhere in the model. This is not a typo or a scoping issue—Next simply does not exist as a declared predicate or relation. Alloy 6 requires all such relations or predicates to be explicitly declared.\n\n[FIX INTENT]:\nDeclare a binary relation or predicate named Next between pairs of State atoms to provide a valid target for references to Next[s, s2].\n\n[REPAIR INSTRUCTIONS]:\n- Step 1: Decide on the intended meaning of Next. In this model, it likely refers to a temporal \"next state\" relation between State atoms, commonly modeled as a binary relation.\n- Step 2: At the top of the model (after the sig State { ... }), add the following declaration:\n    ```\n    // Next-state relation for temporal transitions between states\n    pred Next[s, s2: State] {\n        s2 in next[s]\n    }\n    ```\n  This uses the 'next' relation provided by util/ordering[State], which is already opened at the top of the model, and defines Next as a predicate relating s and s2 if s2 is the next State after s.\n- Step 3: Save and re-run the Alloy model. All references to Next[s, s2] should now resolve correctly.\n\n[RATIONALE]:\nThis fix is Alloy 6 compliant because it provides an explicit definition for the previously undeclared Next predicate, resolving the reference error. It is a new approach as it introduces a missing top-level predicate, rather than modifying function syntax or quantification, and avoids repeating strategies like changing function bodies or adding parentheses.\n\n[LESSON]:\nAlways declare all predicates and relations that are referenced in facts, predicates, or assertions; missing declarations are a common source of \"name not found\" errors in Alloy 6.\n```",
    "timestamp": "2026-06-12T13:07:45.716797"
  },
  {
    "iteration_id": 16,
    "model_file_location": "Output/AlloyModels/AlloyModel__16.als",
    "fix_intent": "Add the missing Next predicate to define the next-state relation between States, as required by all references to Next[s, s2], so that the model parses and typechecks.",
    "source_ref": "Evaluator syntax repair instruction: \"The name 'Next' cannot be found\" at all lines referencing Next[s, s2]; instructed to add 'pred Next[s, s2: State] { s2 in next[s] }'.",
    "current_result": {
      "syntax": "OK",
      "error_message": null,
      "satisfied_predicates": [
        "baseline",
        "R1R2R3R4",
        "R1R2",
        "R1R2R3",
        "All_Requirements",
        "R1",
        "MutexPossibleDuringEmergency"
      ],
      "unsatisfied_predicates": [],
      "counterexamples": [],
      "no_counterexample": [
        "assertMutexNegative",
        "assertEmergencyPrivsOnlyDuringEmergency",
        "assertEmergencyPrivsRevokedAtExit",
        "assertDelegationRevokedAtEmergencyExit",
        "assertDelegationRetainedAfterEmergencyIfNotDuring",
        "assertRequestStatusMonotonic",
        "assertNormalModeFIFO",
        "assertEmergencyProcessingPriority",
        "assertRequestProcessorClearance",
        "assertRoleAssignmentClearance",
        "assertRolePersistence"
      ]
    },
    "previous_result": {
      "syntax": "Error",
      "error_message": "The name \"Next\" cannot be found.\nSyntax error in /home/nati/autoRE/Output/AlloyModels/AlloyModel__15.als at line 292 column 53:\nThe name \"Next\" cannot be found.",
      "satisfied_predicates": [],
      "unsatisfied_predicates": [],
      "counterexamples": [],
      "no_counterexample": []
    },
    "updated_lines": "--- Output/AlloyModels/AlloyModel__15.als\t2026-06-12 13:07:45.715324144 -0500\n+++ Output/AlloyModels/AlloyModel__16.als\t2026-06-12 13:08:52.963468852 -0500\n@@ -93,6 +93,11 @@\n     adminCredUpdated: Administrator -> lone Bool\n }\n \n+pred Next[s, s2: State] {\n+    s2 in next[s]\n+}\n+\n \n fun requestClassification[r: Request]: one Clearance {\n",
    "expected_impact": {
      "satToUnsat": [],
      "unsatToSat": [],
      "passToFail": [],
      "failToPass": []
    },
    "actual_impact": {
      "satToUnsat": [],
      "unsatToSat": [],
      "passToFail": [],
      "failToPass": [
        "assertDelegationRevokedAtEmergencyExit",
        "assertEmergencyProcessingPriority",
        "assertMutexNegative",
        "assertEmergencyPrivsOnlyDuringEmergency",
        "assertRolePersistence",
        "assertNormalModeFIFO",
        "assertRequestStatusMonotonic",
        "assertRoleAssignmentClearance",
        "assertEmergencyPrivsRevokedAtExit",
        "assertRequestProcessorClearance",
        "assertDelegationRetainedAfterEmergencyIfNotDuring"
      ]
    },
    "outcome_classification": "expected_improvement",
    "issue": "No issues",
    "syntax_error_context": null,
    "resolved_target_issue": true,
    "fix_pattern_detected": null,
    "is_reverted": false,
    "evaluator_feedback": "## 1. NEXT ACTION\n\n**keep fix**\n\n- The code change (syntax correction) produced the intended result: all assertions pass, all requirements are exercised in meaningful scenarios, and no regressions or unintended behaviors are detected.\n\n---\n\n## 2. MODEL IMPROVEMENT GUIDANCE\n\nWhile the model now meets all hard metrics and covers the requirements, the following targeted improvements are recommended to further strengthen verification and avoid underspecification:\n\n### 2.1. Add Positive Test for Delegation Revocation at Emergency Exit\n\n**Issue:** Some instances may have no delegations during Emergency, so revocation logic is not always meaningfully exercised.\n\n**Action:**  \nAdd a positive test predicate to ensure at least one delegation is granted during Emergency mode, so revocation at Emergency exit is always exercised in a run:\n\n```alloy\npred TestDelegationDuringEmergency {\n  some s: State | s.mode = Emergency and some d: Delegation | d in s.activeDelegations and d.duringEmergency = True\n}\nrun TestDelegationDuringEmergency\n```\n\n### 2.2. Consider Explicitly Bounding Emergency Mode Duration\n\n**Issue:** Emergency mode is currently only required to eventually return to Normal mode, but there is no explicit upper bound on duration.\n\n**Action:**  \nIf a maximum Emergency period is required by the requirements, add a constraint or assertion to bound Emergency mode duration.  \nExample (if you wish to enforce a maximum number of consecutive Emergency states):\n\n```alloy\n// Example: Emergency must not last more than 2 transitions\nassert EmergencyMaxDuration {\n  all s: State | \n    s.mode = Emergency =>\n      some s2: State | Next[s, s2] and s2.mode = Normal\n}\ncheck EmergencyMaxDuration for 3 State\n```\n\n_Tailor the maximum according to requirement intent._\n\n### 2.3. Add Assertions for Stronger Coverage\n\n**Gap:** No assertion checks that exactly two administrators activate Emergency mode (requirement R1).\n\n**Action:**  \nAdd an assertion to enforce this behavior:\n\n```alloy\nassert assertExactlyTwoAdminsActivateEmergency {\n  all s, s2: State |\n    s.mode = Normal and s2.mode = Emergency and Next[s, s2] =>\n      one as: set Administrator | #as = 2\n}\ncheck assertExactlyTwoAdminsActivateEmergency\n```\n\n**Gap:** No assertion that admin credential updates only occur after Emergency ends.\n\n**Action:**  \nAdd:\n\n```alloy\nassert assertAdminCredUpdateOnlyAfterEmergency {\n  all s, s2: State |\n    s.mode = Emergency and s2.mode = Normal and Next[s, s2] =>\n      all a: Administrator | s2.adminCredUpdated[a] = True\n  all s, s2: State |\n    not (s.mode = Emergency and s2.mode = Normal and Next[s, s2]) =>\n      all a: Administrator | s2.adminCredUpdated[a] = s.adminCredUpdated[a]\n}\ncheck assertAdminCredUpdateOnlyAfterEmergency\n```\n\n### 2.4. Weaken Facts to Assertions Where Possible\n\n**Issue:** Several Emergency module properties are encoded as facts (assumed always true), which can mask errors.\n\n**Action:**  \nWhere feasible, convert core Emergency facts (e.g., `EmergencyPrivsOnlyDuringEmergency`, `EmergencyPrivsRevokedAtExit`, `DelegationRevokedAtEmergencyExit`, `DelegationRetainedAfterEmergencyIfNotDuring`) to assertions and check them. This increases the diagnostic power of your model.\n\n---\n\n## 3. ASSUMPTION REVIEW\n\n- **Emergency-mode delegation revocation facts**:  \n  **Action:** `reduce` (These could be overconstraining; consider verifying as assertions rather than enforcing as facts.)\n\n- **No explicit Emergency duration upper bound**:  \n  **Action:** `confirm` (If a strict upper bound is a requirement, clarify and encode it; otherwise, leave as is.)\n\n---\n\n## 4. REQUIREMENT UPDATE RECOMMENDATIONS\n\n- **No changes needed** to the stable requirements at this time.\n- If modeling an explicit maximum Emergency duration is required, clarify and update the requirement text accordingly.\n\n---\n\n## 5. Q&A REUSE AND UPDATE\n\n- **No prior Q&A pairs** require status updates.\n- **No unresolved interpretation questions** detected.\n- **No new questions** need to be posed to the RE agent at this stage.\n\n---\n\n## 6. STRONGER VERIFICATION CHECKS\n\n- **Recommended:**  \n  - Add the new assertions above for exact Emergency activation and credential update logic.\n  - Add negative tests (e.g., Emergency cannot be entered with fewer or more than two admins).\n  - Edge cases: Delegations pre-dating Emergency mode, no delegations during Emergency, Emergency mode not triggered.\n- **Vacuity checks:** All current assertions are non-vacuous.\n\n---\n\n## 7. PRIORITIZED HANDOFF ITEMS FOR RE\n\n**Critical (fix now):**\n- [ ] Add a positive test ensuring delegations exist during Emergency to meaningfully exercise revocation logic.\n- [ ] Add (and check) assertions for:\n    - Exactly two admins activating Emergency mode\n    - Admin credential updates only after Emergency ends\n\n**Important (next iteration):**\n- [ ] Consider weakening Emergency module facts to assertions for critical properties to expose modeling errors.\n- [ ] Confirm or clarify if a strict upper bound is needed for Emergency mode duration; add assertion if needed.\n\n**Optional/Future:**\n- [ ] Add more negative/edge-case tests (e.g., Emergency not triggered, improper admin count).\n- [ ] Continue to monitor for vacuity/underspecification as requirements evolve.\n\n---\n\n**Summary:**  \nKeep the current fix. The model is now correct and robust, but targeted enhancements will further strengthen verification against underspecification and increase diagnostic power. Implement the above refinements to converge fully.",
    "timestamp": "2026-06-12T13:08:52.964651"
  }
]