

================================================================================
SESSION START: 2026-04-30 12:29:37
================================================================================

[2026-04-30 12:29:37] ======================================================================
[2026-04-30 12:29:37] AutoRE - Environment-Based Multi-Agent System
[2026-04-30 12:29:37] ======================================================================
[2026-04-30 12:29:37] 
📋 Step 1: Analyzing initial requirements...

================================================================================
SESSION END: 2026-04-30 12:31:37
================================================================================


================================================================================
SESSION START: 2026-04-30 12:36:29
================================================================================

[2026-04-30 12:36:29] ======================================================================
[2026-04-30 12:36:29] AutoRE - Environment-Based Multi-Agent System
[2026-04-30 12:36:29] ======================================================================
[2026-04-30 12:36:29] 
📋 Step 1: Analyzing initial requirements...

================================================================================
SESSION END: 2026-04-30 12:38:29
================================================================================


================================================================================
SESSION START: 2026-04-30 12:42:15
================================================================================

[2026-04-30 12:42:15] ======================================================================
[2026-04-30 12:42:15] AutoRE - Environment-Based Multi-Agent System
[2026-04-30 12:42:15] ======================================================================
[2026-04-30 12:42:15] 
📋 Step 1: Analyzing initial requirements...

================================================================================
SESSION END: 2026-04-30 12:42:59
================================================================================


================================================================================
SESSION START: 2026-04-30 12:48:22
================================================================================

[2026-04-30 12:48:22] ======================================================================
[2026-04-30 12:48:22] AutoRE - Environment-Based Multi-Agent System
[2026-04-30 12:48:22] ======================================================================
[2026-04-30 12:48:22] 
📋 Step 1: Analyzing initial requirements...

================================================================================
SESSION END: 2026-04-30 12:50:22
================================================================================


================================================================================
SESSION START: 2026-04-30 12:51:25
================================================================================

[2026-04-30 12:51:26] ======================================================================
[2026-04-30 12:51:26] AutoRE - Environment-Based Multi-Agent System
[2026-04-30 12:51:26] ======================================================================
[2026-04-30 12:51:26] 
📋 Step 1: Analyzing initial requirements...

================================================================================
SESSION END: 2026-04-30 12:51:26
================================================================================


================================================================================
SESSION START: 2026-04-30 12:57:21
================================================================================

[2026-04-30 12:57:22] ======================================================================
[2026-04-30 12:57:22] AutoRE - Environment-Based Multi-Agent System
[2026-04-30 12:57:22] ======================================================================
[2026-04-30 12:57:22] 
📋 Step 1: Analyzing initial requirements...

================================================================================
SESSION END: 2026-04-30 12:57:22
================================================================================


================================================================================
SESSION START: 2026-04-30 13:04:38
================================================================================

[2026-04-30 13:04:38] ======================================================================
[2026-04-30 13:04:38] AutoRE - Environment-Based Multi-Agent System
[2026-04-30 13:04:38] ======================================================================
[2026-04-30 13:04:38] 
📋 Step 1: Analyzing initial requirements...

================================================================================
SESSION END: 2026-04-30 13:04:38
================================================================================


================================================================================
SESSION START: 2026-04-30 13:06:36
================================================================================

[2026-04-30 13:06:36] ======================================================================
[2026-04-30 13:06:36] AutoRE - Environment-Based Multi-Agent System
[2026-04-30 13:06:36] ======================================================================
[2026-04-30 13:06:36] 
📋 Step 1: Analyzing initial requirements...

================================================================================
SESSION END: 2026-04-30 13:06:36
================================================================================


================================================================================
SESSION START: 2026-04-30 21:36:52
================================================================================


================================================================================
SESSION START: 2026-04-30 21:41:21
================================================================================


================================================================================
SESSION START: 2026-04-30 21:47:50
================================================================================

[2026-04-30 21:48:10] 
--- USER PROMPT (FULL) ---
[2026-04-30 21:48:10] Please provide clarifications on the requirements:
[2026-04-30 21:48:10] --- END PROMPT ---

[2026-04-30 21:48:10] ======================================================================
[2026-04-30 21:48:10] ======================================================================
[2026-04-30 21:48:10] Timeout: 300 seconds (5 minutes)
[2026-04-30 21:48:10] 
[2026-04-30 21:53:10] ======================================================================
[2026-04-30 21:53:10] TIMEOUT: No input received within time limit
[2026-04-30 21:53:10] Proceeding with assumption: No feedback from user
[2026-04-30 21:53:10] ======================================================================

================================================================================
SESSION START: 2026-04-30 21:59:09
================================================================================

[2026-04-30 21:59:25] 
--- USER PROMPT (FULL) ---
[2026-04-30 21:59:25] Please provide clarifications on the requirements:
[2026-04-30 21:59:25] --- END PROMPT ---

[2026-04-30 21:59:25] ======================================================================
[2026-04-30 21:59:25] ======================================================================
[2026-04-30 21:59:25] Timeout: 300 seconds (5 minutes)
[2026-04-30 21:59:25] 
[2026-04-30 22:04:25] ======================================================================
[2026-04-30 22:04:25] TIMEOUT: No input received within time limit
[2026-04-30 22:04:25] Proceeding with assumption: No feedback from user
[2026-04-30 22:04:25] ======================================================================
[2026-04-30 22:05:35] 
--- USER PROMPT (FULL) ---
[2026-04-30 22:05:35] Provide your review or comments on the feedback:
[2026-04-30 22:05:35] --- END PROMPT ---

[2026-04-30 22:05:35] ======================================================================
[2026-04-30 22:05:35] ======================================================================
[2026-04-30 22:05:35] Timeout: 300 seconds (5 minutes)
[2026-04-30 22:05:35] 
[2026-04-30 22:11:04] 
--- USER INPUT ---
[2026-04-30 22:11:04] 1. both administrators must trigger concurrently.
2. 2. Modeled abstractly as a maximum allowed temporal bound with possible earlier termination. 3. Mutual exclusive is a generic property and enforced outside Emergency.
4. as distinct temporary permissions.
5. A required event right after exitting Emergency. 
6. no. 7. All High requests > Medium requests > Low requests order.
[2026-04-30 22:11:04] --- END INPUT ---


================================================================================
SESSION START: 2026-04-30 22:24:09
================================================================================

[2026-04-30 22:24:27] 
--- USER PROMPT (FULL) ---
[2026-04-30 22:24:27] Please provide clarifications on the requirements:
[2026-04-30 22:24:27] --- END PROMPT ---

[2026-04-30 22:24:27] ======================================================================
[2026-04-30 22:24:27] ======================================================================
[2026-04-30 22:24:27] Timeout: 300 seconds (5 minutes)
[2026-04-30 22:24:27] 
[2026-04-30 22:29:12] 
--- USER INPUT ---
[2026-04-30 22:29:12] 2. Modeled abstractly as a maximum allowed temporal bound with possible earlier termination. 
3.exclusivity static. model it absatractly, no predefined mutual exclusive groups.
4. emergency privileges are modeled abstractly as distinct permission. 
5. abstract it as an event right after exitting Emergency mode.
6. no.
7. high requests are processed first, then medium, and lastly low requests
[2026-04-30 22:29:12] --- END INPUT ---

[2026-04-30 22:30:16] 
--- USER PROMPT (FULL) ---
[2026-04-30 22:30:16] Provide your review or comments on the feedback:
[2026-04-30 22:30:16] --- END PROMPT ---

[2026-04-30 22:30:16] ======================================================================
[2026-04-30 22:30:16] ======================================================================
[2026-04-30 22:30:16] Timeout: 300 seconds (5 minutes)
[2026-04-30 22:30:16] 
[2026-04-30 22:35:59] 
--- USER INPUT ---
[2026-04-30 22:35:59] 1. yes,
2. it can end earlier.
3. fixed and static.
4. credential update is an atomic action that must be done by admins right after exitting Emergency mode.
5. separate priviledges.
6. yes it is fine.
[2026-04-30 22:35:59] --- END INPUT ---

[2026-04-30 22:38:03] 
--- USER PROMPT (FULL) ---
[2026-04-30 22:38:03] Provide your review or comments on the feedback:
[2026-04-30 22:38:03] --- END PROMPT ---

[2026-04-30 22:38:03] ======================================================================
[2026-04-30 22:38:03] ======================================================================
[2026-04-30 22:38:03] Timeout: 300 seconds (5 minutes)
[2026-04-30 22:38:03] 
[2026-04-30 22:39:11] No input provided (empty)
[2026-04-30 22:41:17] 
--- USER PROMPT (FULL) ---
[2026-04-30 22:41:17] Provide your review or comments on the feedback:
[2026-04-30 22:41:17] --- END PROMPT ---

[2026-04-30 22:41:17] ======================================================================
[2026-04-30 22:41:17] ======================================================================
[2026-04-30 22:41:17] Timeout: 300 seconds (5 minutes)
[2026-04-30 22:41:17] 
[2026-04-30 22:43:38] No input provided (empty)
