
================================================================================
SESSION START: 2026-04-16 13:07:53
================================================================================

[2026-04-16 13:07:53] ======================================================================
[2026-04-16 13:07:53] AutoRE - Automated Requirement Engineering System
[2026-04-16 13:07:53] ======================================================================
[2026-04-16 13:07:53] 
Step 1: Analyzing initial requirements...
[2026-04-16 13:08:14] Requirements document created: ReqsDoc/Reqs_0.txt
[2026-04-16 13:08:14] 
Step 2: Requesting user clarification...
[2026-04-16 13:08:14] 
--- USER PROMPT (FULL) ---
[2026-04-16 13:08:14] 
CLARIFICATION REQUEST - Iteration 0

The Requirement Engineer has analyzed your requirements and created a structured
requirements document. Please review the document and provide clarification on any
assumptions or ambiguities.

Requirements document: ReqsDoc/Reqs_0.txt

Please review the document and provide:
- Clarifications on any assumptions
- Corrections to any misunderstandings
- Additional context or constraints

You can also confirm if the requirements are correctly understood.

[2026-04-16 13:08:14] --- END PROMPT ---

[2026-04-16 13:08:14] ======================================================================
[2026-04-16 13:08:14] ======================================================================
[2026-04-16 13:08:14] Timeout: 300 seconds (5 minutes)
[2026-04-16 13:08:14] 
[2026-04-16 13:16:50] 
--- USER INPUT ---
[2026-04-16 13:16:50] 1. simultaneous action is required.
Both administrators have to trigger the Emergency mode at the same time.
2. system-configurable. This is more of an implementation detail.
3. not for now. abstract it.
4. pre-defined set.
5. make it abstract.
6. only to those delegated during emergency. the ones delegated during normal operation shall continue after emergency ends, unless it is expired or revoked by an administrator.
7. enforced automatically. make it abstract that it is done automatically as soon as emergency mode ends.
8. no
clearance constraints remain in effect.
9. no
[2026-04-16 13:16:50] --- END INPUT ---

[2026-04-16 13:16:50] User clarification received!
[2026-04-16 13:16:50] 
Step 3: Building initial Alloy model...
[2026-04-16 13:17:12] Alloy model created: AlloyModels/AlloyModel__0.als
[2026-04-16 13:17:12] ======================================================================
[2026-04-16 13:17:12] ITERATION 1
[2026-04-16 13:17:12] ======================================================================
[2026-04-16 13:17:12] 
Step 4: Running Alloy Analyzer...
[2026-04-16 13:17:59] 
Analysis Results:
[2026-04-16 13:17:59]   Syntax Errors: NO
[2026-04-16 13:17:59]   Counterexamples: NO
[2026-04-16 13:17:59]   Satisfying Instances: NO
[2026-04-16 13:17:59]   Complete: NO
[2026-04-16 13:17:59] Analysis results saved to: AnalyzerOutput/0/
[2026-04-16 13:17:59] 
Steps 5-6: Evaluation and user feedback...
[2026-04-16 13:17:59] 
--- USER PROMPT (FULL) ---
[2026-04-16 13:17:59] 
EVALUATION REVIEW - Iteration 0

Iteration: 0
Syntax Errors: NO
Counterexamples: NO
Satisfying Instances: NO

Analysis Results:
✓ Syntax: OK
✓ Counterexamples: None
✗ Instances: None (over-constrained?)

The Evaluator has analyzed the Alloy model and generated feedback for improvements.
Check the AnalyzerOutput/0/ directory for detailed results.

Please provide:
1. Your feedback on the current state
2. Any additional scenarios you want to check
3. Type 'SATISFIED' if you're satisfied with the results

If you have additional scenarios, describe:
- Scenario name/description
- What should be checked
- Expected behavior

[2026-04-16 13:17:59] --- END PROMPT ---

[2026-04-16 13:17:59] ======================================================================
[2026-04-16 13:17:59] ======================================================================
[2026-04-16 13:17:59] Timeout: 300 seconds (5 minutes)
[2026-04-16 13:17:59] 
[2026-04-16 13:22:59] ======================================================================
[2026-04-16 13:22:59] TIMEOUT: No input received within time limit
[2026-04-16 13:22:59] Proceeding with assumption: No feedback from user
[2026-04-16 13:22:59] ======================================================================
[2026-04-16 13:22:59] ======================================================================
[2026-04-16 13:22:59] No user feedback provided (timeout)
[2026-04-16 13:22:59] Proceeding to next iteration with agent-suggested improvements only
[2026-04-16 13:22:59] ======================================================================
[2026-04-16 13:22:59] 
Step 7: Updating requirements...
[2026-04-16 13:23:10] Requirements updated: ReqsDoc/Reqs_1.txt
[2026-04-16 13:23:10] 
Step 8: Updating Alloy model...
[2026-04-16 13:23:51] Alloy model updated: AlloyModels/AlloyModel__1.als
[2026-04-16 13:23:51] ======================================================================
[2026-04-16 13:23:51] ITERATION 2
[2026-04-16 13:23:51] ======================================================================
[2026-04-16 13:23:51] 
Step 4: Running Alloy Analyzer...
[2026-04-16 13:24:26] 
Analysis Results:
[2026-04-16 13:24:26]   Syntax Errors: NO
[2026-04-16 13:24:26]   Counterexamples: NO
[2026-04-16 13:24:26]   Satisfying Instances: NO
[2026-04-16 13:24:26]   Complete: NO
[2026-04-16 13:24:26] Analysis results saved to: AnalyzerOutput/1/
[2026-04-16 13:24:26] 
Steps 5-6: Evaluation and user feedback...
[2026-04-16 13:24:26] 
--- USER PROMPT (FULL) ---
[2026-04-16 13:24:26] 
EVALUATION REVIEW - Iteration 1

Iteration: 1
Syntax Errors: NO
Counterexamples: NO
Satisfying Instances: NO

Analysis Results:
✓ Syntax: OK
✓ Counterexamples: None
✗ Instances: None (over-constrained?)

The Evaluator has analyzed the Alloy model and generated feedback for improvements.
Check the AnalyzerOutput/1/ directory for detailed results.

Please provide:
1. Your feedback on the current state
2. Any additional scenarios you want to check
3. Type 'SATISFIED' if you're satisfied with the results

If you have additional scenarios, describe:
- Scenario name/description
- What should be checked
- Expected behavior

[2026-04-16 13:24:26] --- END PROMPT ---

[2026-04-16 13:24:26] ======================================================================
[2026-04-16 13:24:26] ======================================================================
[2026-04-16 13:24:26] Timeout: 300 seconds (5 minutes)
[2026-04-16 13:24:26] 
[2026-04-16 13:30:57] 
--- USER INPUT ---
[2026-04-16 13:30:57] 1. abstract for now.
2. yes
3. regardless the admins must update their credentials as soon as the emergency mode ends.
4. preserved.
5. immediate revocation as soon as emergency ends and the system returns to normal.
[2026-04-16 13:30:57] --- END INPUT ---

[2026-04-16 13:30:57] 
Step 7: Updating requirements...
[2026-04-16 13:31:09] Requirements updated: ReqsDoc/Reqs_2.txt
[2026-04-16 13:31:09] 
Step 8: Updating Alloy model...
[2026-04-16 13:31:28] Alloy model updated: AlloyModels/AlloyModel__2.als
[2026-04-16 13:31:28] ======================================================================
[2026-04-16 13:31:28] ITERATION 3
[2026-04-16 13:31:28] ======================================================================
[2026-04-16 13:31:28] 
Step 4: Running Alloy Analyzer...
[2026-04-16 13:32:05] 
Analysis Results:
[2026-04-16 13:32:05]   Syntax Errors: NO
[2026-04-16 13:32:05]   Counterexamples: NO
[2026-04-16 13:32:05]   Satisfying Instances: NO
[2026-04-16 13:32:05]   Complete: NO
[2026-04-16 13:32:05] Analysis results saved to: AnalyzerOutput/2/
[2026-04-16 13:32:05] 
Steps 5-6: Evaluation and user feedback...
[2026-04-16 13:32:05] 
--- USER PROMPT (FULL) ---
[2026-04-16 13:32:05] 
EVALUATION REVIEW - Iteration 2

Iteration: 2
Syntax Errors: NO
Counterexamples: NO
Satisfying Instances: NO

Analysis Results:
✓ Syntax: OK
✓ Counterexamples: None
✗ Instances: None (over-constrained?)

The Evaluator has analyzed the Alloy model and generated feedback for improvements.
Check the AnalyzerOutput/2/ directory for detailed results.

Please provide:
1. Your feedback on the current state
2. Any additional scenarios you want to check
3. Type 'SATISFIED' if you're satisfied with the results

If you have additional scenarios, describe:
- Scenario name/description
- What should be checked
- Expected behavior

[2026-04-16 13:32:05] --- END PROMPT ---

[2026-04-16 13:32:05] ======================================================================
[2026-04-16 13:32:05] ======================================================================
[2026-04-16 13:32:05] Timeout: 300 seconds (5 minutes)
[2026-04-16 13:32:05] 
[2026-04-16 13:37:14] 
--- USER INPUT ---
[2026-04-16 13:37:14] 1. abstract it. this is implementation details
2. this is implementation detail, not related to abtract requirements of the Emergency module.
3. implementation details.
4. credentials of administrators are updated automatically after Emergency mode ends.\
right after Emergency mode ends.
5. atomic at a single time step.
[2026-04-16 13:37:14] --- END INPUT ---

[2026-04-16 13:37:14] 
Step 7: Updating requirements...
[2026-04-16 13:37:26] Requirements updated: ReqsDoc/Reqs_3.txt
[2026-04-16 13:37:26] 
Step 8: Updating Alloy model...
[2026-04-16 13:37:49] Alloy model updated: AlloyModels/AlloyModel__3.als
[2026-04-16 13:37:49] ======================================================================
[2026-04-16 13:37:49] ITERATION 4
[2026-04-16 13:37:49] ======================================================================
[2026-04-16 13:37:49] 
Step 4: Running Alloy Analyzer...
[2026-04-16 13:38:29] 
Analysis Results:
[2026-04-16 13:38:29]   Syntax Errors: NO
[2026-04-16 13:38:29]   Counterexamples: NO
[2026-04-16 13:38:29]   Satisfying Instances: NO
[2026-04-16 13:38:29]   Complete: NO
[2026-04-16 13:38:29] Analysis results saved to: AnalyzerOutput/3/
[2026-04-16 13:38:29] 
Steps 5-6: Evaluation and user feedback...
[2026-04-16 13:38:29] 
--- USER PROMPT (FULL) ---
[2026-04-16 13:38:29] 
EVALUATION REVIEW - Iteration 3

Iteration: 3
Syntax Errors: NO
Counterexamples: NO
Satisfying Instances: NO

Analysis Results:
✓ Syntax: OK
✓ Counterexamples: None
✗ Instances: None (over-constrained?)

The Evaluator has analyzed the Alloy model and generated feedback for improvements.
Check the AnalyzerOutput/3/ directory for detailed results.

Please provide:
1. Your feedback on the current state
2. Any additional scenarios you want to check
3. Type 'SATISFIED' if you're satisfied with the results

If you have additional scenarios, describe:
- Scenario name/description
- What should be checked
- Expected behavior

[2026-04-16 13:38:29] --- END PROMPT ---

[2026-04-16 13:38:29] ======================================================================
[2026-04-16 13:38:29] ======================================================================
[2026-04-16 13:38:29] Timeout: 300 seconds (5 minutes)
[2026-04-16 13:38:29] 

================================================================================
SESSION END: 2026-04-16 13:40:34
================================================================================


================================================================================
SESSION START: 2026-04-16 18:07:37
================================================================================


================================================================================
SESSION START: 2026-04-16 18:08:29
================================================================================

[2026-04-16 18:08:29] ======================================================================
[2026-04-16 18:08:29] AutoRE - Automated Requirement Engineering System
[2026-04-16 18:08:29] ======================================================================
[2026-04-16 18:08:29] 
Step 1: Analyzing initial requirements...
[2026-04-16 18:08:45] Requirements document created: ReqsDoc/Reqs_0.txt
[2026-04-16 18:08:45] 
Step 2: Requesting user clarification...
[2026-04-16 18:08:45] 
--- USER PROMPT (FULL) ---
[2026-04-16 18:08:45] 
CLARIFICATION REQUEST - Iteration 0

The Requirement Engineer has analyzed your requirements and created a structured
requirements document. Please review the document and provide clarification on any
assumptions or ambiguities.

Requirements document: ReqsDoc/Reqs_0.txt

Please review the document and provide:
- Clarifications on any assumptions
- Corrections to any misunderstandings
- Additional context or constraints

You can also confirm if the requirements are correctly understood.

[2026-04-16 18:08:45] --- END PROMPT ---

[2026-04-16 18:08:45] ======================================================================
[2026-04-16 18:08:45] ======================================================================
[2026-04-16 18:08:45] Timeout: 300 seconds (5 minutes)
[2026-04-16 18:08:45] 

================================================================================
SESSION END: 2026-04-16 18:09:49
================================================================================

